<?xml version="1.0"?>
<link_info>
   <banner>MSP430 Linker PC v4.4.7</banner>
   <copyright>Copyright (c) 2003-2015 Texas Instruments Incorporated</copyright>
   <link_time>0x57970e83</link_time>
   <link_errors>0x0</link_errors>
   <output_file>oBs_RTC_check_ccs.out</output_file>
   <entry_point>
      <name>_c_int00_noargs_noexit</name>
      <address>0x5ed8</address>
   </entry_point>
   <input_file_list>
      <input_file id="fl-2">
         <path>.\</path>
         <kind>object</kind>
         <file>hp_time.obj</file>
         <name>hp_time.obj</name>
      </input_file>
      <input_file id="fl-3">
         <path>.\</path>
         <kind>object</kind>
         <file>msp430x54xA_1.obj</file>
         <name>msp430x54xA_1.obj</name>
      </input_file>
      <input_file id="fl-38">
         <path>C:\ti\ccsv6\tools\compiler\ti-cgt-msp430_4.4.7\lib\</path>
         <kind>archive</kind>
         <file>rts430x_lc_rd_eabi.lib</file>
         <name>addd.obj</name>
      </input_file>
      <input_file id="fl-39">
         <path>C:\ti\ccsv6\tools\compiler\ti-cgt-msp430_4.4.7\lib\</path>
         <kind>archive</kind>
         <file>rts430x_lc_rd_eabi.lib</file>
         <name>boot.obj</name>
      </input_file>
      <input_file id="fl-3a">
         <path>C:\ti\ccsv6\tools\compiler\ti-cgt-msp430_4.4.7\lib\</path>
         <kind>archive</kind>
         <file>rts430x_lc_rd_eabi.lib</file>
         <name>boot_special.obj</name>
      </input_file>
      <input_file id="fl-3b">
         <path>C:\ti\ccsv6\tools\compiler\ti-cgt-msp430_4.4.7\lib\</path>
         <kind>archive</kind>
         <file>rts430x_lc_rd_eabi.lib</file>
         <name>copy_decompress_none.obj</name>
      </input_file>
      <input_file id="fl-3c">
         <path>C:\ti\ccsv6\tools\compiler\ti-cgt-msp430_4.4.7\lib\</path>
         <kind>archive</kind>
         <file>rts430x_lc_rd_eabi.lib</file>
         <name>copy_decompress_rle.obj</name>
      </input_file>
      <input_file id="fl-3d">
         <path>C:\ti\ccsv6\tools\compiler\ti-cgt-msp430_4.4.7\lib\</path>
         <kind>archive</kind>
         <file>rts430x_lc_rd_eabi.lib</file>
         <name>copy_zero_init.obj</name>
      </input_file>
      <input_file id="fl-3e">
         <path>C:\ti\ccsv6\tools\compiler\ti-cgt-msp430_4.4.7\lib\</path>
         <kind>archive</kind>
         <file>rts430x_lc_rd_eabi.lib</file>
         <name>cvtfd.obj</name>
      </input_file>
      <input_file id="fl-3f">
         <path>C:\ti\ccsv6\tools\compiler\ti-cgt-msp430_4.4.7\lib\</path>
         <kind>archive</kind>
         <file>rts430x_lc_rd_eabi.lib</file>
         <name>div16s.obj</name>
      </input_file>
      <input_file id="fl-40">
         <path>C:\ti\ccsv6\tools\compiler\ti-cgt-msp430_4.4.7\lib\</path>
         <kind>archive</kind>
         <file>rts430x_lc_rd_eabi.lib</file>
         <name>div16u.obj</name>
      </input_file>
      <input_file id="fl-41">
         <path>C:\ti\ccsv6\tools\compiler\ti-cgt-msp430_4.4.7\lib\</path>
         <kind>archive</kind>
         <file>rts430x_lc_rd_eabi.lib</file>
         <name>div32s.obj</name>
      </input_file>
      <input_file id="fl-42">
         <path>C:\ti\ccsv6\tools\compiler\ti-cgt-msp430_4.4.7\lib\</path>
         <kind>archive</kind>
         <file>rts430x_lc_rd_eabi.lib</file>
         <name>div32u.obj</name>
      </input_file>
      <input_file id="fl-43">
         <path>C:\ti\ccsv6\tools\compiler\ti-cgt-msp430_4.4.7\lib\</path>
         <kind>archive</kind>
         <file>rts430x_lc_rd_eabi.lib</file>
         <name>div64s.obj</name>
      </input_file>
      <input_file id="fl-44">
         <path>C:\ti\ccsv6\tools\compiler\ti-cgt-msp430_4.4.7\lib\</path>
         <kind>archive</kind>
         <file>rts430x_lc_rd_eabi.lib</file>
         <name>div64u.obj</name>
      </input_file>
      <input_file id="fl-45">
         <path>C:\ti\ccsv6\tools\compiler\ti-cgt-msp430_4.4.7\lib\</path>
         <kind>archive</kind>
         <file>rts430x_lc_rd_eabi.lib</file>
         <name>exit.obj</name>
      </input_file>
      <input_file id="fl-46">
         <path>C:\ti\ccsv6\tools\compiler\ti-cgt-msp430_4.4.7\lib\</path>
         <kind>archive</kind>
         <file>rts430x_lc_rd_eabi.lib</file>
         <name>exit_gvars.obj</name>
      </input_file>
      <input_file id="fl-47">
         <path>C:\ti\ccsv6\tools\compiler\ti-cgt-msp430_4.4.7\lib\</path>
         <kind>archive</kind>
         <file>rts430x_lc_rd_eabi.lib</file>
         <name>fixdli.obj</name>
      </input_file>
      <input_file id="fl-48">
         <path>C:\ti\ccsv6\tools\compiler\ti-cgt-msp430_4.4.7\lib\</path>
         <kind>archive</kind>
         <file>rts430x_lc_rd_eabi.lib</file>
         <name>fixflli.obj</name>
      </input_file>
      <input_file id="fl-49">
         <path>C:\ti\ccsv6\tools\compiler\ti-cgt-msp430_4.4.7\lib\</path>
         <kind>archive</kind>
         <file>rts430x_lc_rd_eabi.lib</file>
         <name>frcaddd.obj</name>
      </input_file>
      <input_file id="fl-4a">
         <path>C:\ti\ccsv6\tools\compiler\ti-cgt-msp430_4.4.7\lib\</path>
         <kind>archive</kind>
         <file>rts430x_lc_rd_eabi.lib</file>
         <name>fs_cmp.obj</name>
      </input_file>
      <input_file id="fl-4b">
         <path>C:\ti\ccsv6\tools\compiler\ti-cgt-msp430_4.4.7\lib\</path>
         <kind>archive</kind>
         <file>rts430x_lc_rd_eabi.lib</file>
         <name>fs_mpy.obj</name>
      </input_file>
      <input_file id="fl-4c">
         <path>C:\ti\ccsv6\tools\compiler\ti-cgt-msp430_4.4.7\lib\</path>
         <kind>archive</kind>
         <file>rts430x_lc_rd_eabi.lib</file>
         <name>fs_utof.obj</name>
      </input_file>
      <input_file id="fl-4d">
         <path>C:\ti\ccsv6\tools\compiler\ti-cgt-msp430_4.4.7\lib\</path>
         <kind>archive</kind>
         <file>rts430x_lc_rd_eabi.lib</file>
         <name>gmtime.obj</name>
      </input_file>
      <input_file id="fl-4e">
         <path>C:\ti\ccsv6\tools\compiler\ti-cgt-msp430_4.4.7\lib\</path>
         <kind>archive</kind>
         <file>rts430x_lc_rd_eabi.lib</file>
         <name>int41.obj</name>
      </input_file>
      <input_file id="fl-4f">
         <path>C:\ti\ccsv6\tools\compiler\ti-cgt-msp430_4.4.7\lib\</path>
         <kind>archive</kind>
         <file>rts430x_lc_rd_eabi.lib</file>
         <name>int42.obj</name>
      </input_file>
      <input_file id="fl-50">
         <path>C:\ti\ccsv6\tools\compiler\ti-cgt-msp430_4.4.7\lib\</path>
         <kind>archive</kind>
         <file>rts430x_lc_rd_eabi.lib</file>
         <name>int43.obj</name>
      </input_file>
      <input_file id="fl-51">
         <path>C:\ti\ccsv6\tools\compiler\ti-cgt-msp430_4.4.7\lib\</path>
         <kind>archive</kind>
         <file>rts430x_lc_rd_eabi.lib</file>
         <name>int44.obj</name>
      </input_file>
      <input_file id="fl-52">
         <path>C:\ti\ccsv6\tools\compiler\ti-cgt-msp430_4.4.7\lib\</path>
         <kind>archive</kind>
         <file>rts430x_lc_rd_eabi.lib</file>
         <name>int45.obj</name>
      </input_file>
      <input_file id="fl-53">
         <path>C:\ti\ccsv6\tools\compiler\ti-cgt-msp430_4.4.7\lib\</path>
         <kind>archive</kind>
         <file>rts430x_lc_rd_eabi.lib</file>
         <name>int48.obj</name>
      </input_file>
      <input_file id="fl-54">
         <path>C:\ti\ccsv6\tools\compiler\ti-cgt-msp430_4.4.7\lib\</path>
         <kind>archive</kind>
         <file>rts430x_lc_rd_eabi.lib</file>
         <name>int49.obj</name>
      </input_file>
      <input_file id="fl-55">
         <path>C:\ti\ccsv6\tools\compiler\ti-cgt-msp430_4.4.7\lib\</path>
         <kind>archive</kind>
         <file>rts430x_lc_rd_eabi.lib</file>
         <name>int50.obj</name>
      </input_file>
      <input_file id="fl-56">
         <path>C:\ti\ccsv6\tools\compiler\ti-cgt-msp430_4.4.7\lib\</path>
         <kind>archive</kind>
         <file>rts430x_lc_rd_eabi.lib</file>
         <name>int51.obj</name>
      </input_file>
      <input_file id="fl-57">
         <path>C:\ti\ccsv6\tools\compiler\ti-cgt-msp430_4.4.7\lib\</path>
         <kind>archive</kind>
         <file>rts430x_lc_rd_eabi.lib</file>
         <name>int53.obj</name>
      </input_file>
      <input_file id="fl-58">
         <path>C:\ti\ccsv6\tools\compiler\ti-cgt-msp430_4.4.7\lib\</path>
         <kind>archive</kind>
         <file>rts430x_lc_rd_eabi.lib</file>
         <name>int55.obj</name>
      </input_file>
      <input_file id="fl-59">
         <path>C:\ti\ccsv6\tools\compiler\ti-cgt-msp430_4.4.7\lib\</path>
         <kind>archive</kind>
         <file>rts430x_lc_rd_eabi.lib</file>
         <name>int56.obj</name>
      </input_file>
      <input_file id="fl-5a">
         <path>C:\ti\ccsv6\tools\compiler\ti-cgt-msp430_4.4.7\lib\</path>
         <kind>archive</kind>
         <file>rts430x_lc_rd_eabi.lib</file>
         <name>int58.obj</name>
      </input_file>
      <input_file id="fl-5b">
         <path>C:\ti\ccsv6\tools\compiler\ti-cgt-msp430_4.4.7\lib\</path>
         <kind>archive</kind>
         <file>rts430x_lc_rd_eabi.lib</file>
         <name>int59.obj</name>
      </input_file>
      <input_file id="fl-5c">
         <path>C:\ti\ccsv6\tools\compiler\ti-cgt-msp430_4.4.7\lib\</path>
         <kind>archive</kind>
         <file>rts430x_lc_rd_eabi.lib</file>
         <name>int60.obj</name>
      </input_file>
      <input_file id="fl-5d">
         <path>C:\ti\ccsv6\tools\compiler\ti-cgt-msp430_4.4.7\lib\</path>
         <kind>archive</kind>
         <file>rts430x_lc_rd_eabi.lib</file>
         <name>int61.obj</name>
      </input_file>
      <input_file id="fl-5e">
         <path>C:\ti\ccsv6\tools\compiler\ti-cgt-msp430_4.4.7\lib\</path>
         <kind>archive</kind>
         <file>rts430x_lc_rd_eabi.lib</file>
         <name>int62.obj</name>
      </input_file>
      <input_file id="fl-5f">
         <path>C:\ti\ccsv6\tools\compiler\ti-cgt-msp430_4.4.7\lib\</path>
         <kind>archive</kind>
         <file>rts430x_lc_rd_eabi.lib</file>
         <name>isr_trap.obj</name>
      </input_file>
      <input_file id="fl-60">
         <path>C:\ti\ccsv6\tools\compiler\ti-cgt-msp430_4.4.7\lib\</path>
         <kind>archive</kind>
         <file>rts430x_lc_rd_eabi.lib</file>
         <name>llabs.obj</name>
      </input_file>
      <input_file id="fl-61">
         <path>C:\ti\ccsv6\tools\compiler\ti-cgt-msp430_4.4.7\lib\</path>
         <kind>archive</kind>
         <file>rts430x_lc_rd_eabi.lib</file>
         <name>localtim.obj</name>
      </input_file>
      <input_file id="fl-62">
         <path>C:\ti\ccsv6\tools\compiler\ti-cgt-msp430_4.4.7\lib\</path>
         <kind>archive</kind>
         <file>rts430x_lc_rd_eabi.lib</file>
         <name>lsl32.obj</name>
      </input_file>
      <input_file id="fl-63">
         <path>C:\ti\ccsv6\tools\compiler\ti-cgt-msp430_4.4.7\lib\</path>
         <kind>archive</kind>
         <file>rts430x_lc_rd_eabi.lib</file>
         <name>lsl64.obj</name>
      </input_file>
      <input_file id="fl-64">
         <path>C:\ti\ccsv6\tools\compiler\ti-cgt-msp430_4.4.7\lib\</path>
         <kind>archive</kind>
         <file>rts430x_lc_rd_eabi.lib</file>
         <name>lsr32.obj</name>
      </input_file>
      <input_file id="fl-65">
         <path>C:\ti\ccsv6\tools\compiler\ti-cgt-msp430_4.4.7\lib\</path>
         <kind>archive</kind>
         <file>rts430x_lc_rd_eabi.lib</file>
         <name>lsr64.obj</name>
      </input_file>
      <input_file id="fl-66">
         <path>C:\ti\ccsv6\tools\compiler\ti-cgt-msp430_4.4.7\lib\</path>
         <kind>archive</kind>
         <file>rts430x_lc_rd_eabi.lib</file>
         <name>memcpy.obj</name>
      </input_file>
      <input_file id="fl-67">
         <path>C:\ti\ccsv6\tools\compiler\ti-cgt-msp430_4.4.7\lib\</path>
         <kind>archive</kind>
         <file>rts430x_lc_rd_eabi.lib</file>
         <name>memset.obj</name>
      </input_file>
      <input_file id="fl-68">
         <path>C:\ti\ccsv6\tools\compiler\ti-cgt-msp430_4.4.7\lib\</path>
         <kind>archive</kind>
         <file>rts430x_lc_rd_eabi.lib</file>
         <name>mktime.obj</name>
      </input_file>
      <input_file id="fl-69">
         <path>C:\ti\ccsv6\tools\compiler\ti-cgt-msp430_4.4.7\lib\</path>
         <kind>archive</kind>
         <file>rts430x_lc_rd_eabi.lib</file>
         <name>mpu_init.obj</name>
      </input_file>
      <input_file id="fl-6a">
         <path>C:\ti\ccsv6\tools\compiler\ti-cgt-msp430_4.4.7\lib\</path>
         <kind>archive</kind>
         <file>rts430x_lc_rd_eabi.lib</file>
         <name>mpyd.obj</name>
      </input_file>
      <input_file id="fl-6b">
         <path>C:\ti\ccsv6\tools\compiler\ti-cgt-msp430_4.4.7\lib\</path>
         <kind>archive</kind>
         <file>rts430x_lc_rd_eabi.lib</file>
         <name>mult16.obj</name>
      </input_file>
      <input_file id="fl-6c">
         <path>C:\ti\ccsv6\tools\compiler\ti-cgt-msp430_4.4.7\lib\</path>
         <kind>archive</kind>
         <file>rts430x_lc_rd_eabi.lib</file>
         <name>mult1632_f5hw.obj</name>
      </input_file>
      <input_file id="fl-6d">
         <path>C:\ti\ccsv6\tools\compiler\ti-cgt-msp430_4.4.7\lib\</path>
         <kind>archive</kind>
         <file>rts430x_lc_rd_eabi.lib</file>
         <name>mult16_f5hw.obj</name>
      </input_file>
      <input_file id="fl-6e">
         <path>C:\ti\ccsv6\tools\compiler\ti-cgt-msp430_4.4.7\lib\</path>
         <kind>archive</kind>
         <file>rts430x_lc_rd_eabi.lib</file>
         <name>mult32.obj</name>
      </input_file>
      <input_file id="fl-6f">
         <path>C:\ti\ccsv6\tools\compiler\ti-cgt-msp430_4.4.7\lib\</path>
         <kind>archive</kind>
         <file>rts430x_lc_rd_eabi.lib</file>
         <name>mult3264_f5hw.obj</name>
      </input_file>
      <input_file id="fl-70">
         <path>C:\ti\ccsv6\tools\compiler\ti-cgt-msp430_4.4.7\lib\</path>
         <kind>archive</kind>
         <file>rts430x_lc_rd_eabi.lib</file>
         <name>mult32_f5hw.obj</name>
      </input_file>
      <input_file id="fl-71">
         <path>C:\ti\ccsv6\tools\compiler\ti-cgt-msp430_4.4.7\lib\</path>
         <kind>archive</kind>
         <file>rts430x_lc_rd_eabi.lib</file>
         <name>mult64.obj</name>
      </input_file>
      <input_file id="fl-72">
         <path>C:\ti\ccsv6\tools\compiler\ti-cgt-msp430_4.4.7\lib\</path>
         <kind>archive</kind>
         <file>rts430x_lc_rd_eabi.lib</file>
         <name>mult64_f5hw.obj</name>
      </input_file>
      <input_file id="fl-73">
         <path>C:\ti\ccsv6\tools\compiler\ti-cgt-msp430_4.4.7\lib\</path>
         <kind>archive</kind>
         <file>rts430x_lc_rd_eabi.lib</file>
         <name>pre_init.obj</name>
      </input_file>
      <input_file id="fl-74">
         <path>C:\ti\ccsv6\tools\compiler\ti-cgt-msp430_4.4.7\lib\</path>
         <kind>archive</kind>
         <file>rts430x_lc_rd_eabi.lib</file>
         <name>renormd.obj</name>
      </input_file>
      <input_file id="fl-75">
         <path>C:\ti\ccsv6\tools\compiler\ti-cgt-msp430_4.4.7\lib\</path>
         <kind>archive</kind>
         <file>rts430x_lc_rd_eabi.lib</file>
         <name>snprintf.obj</name>
      </input_file>
      <input_file id="fl-76">
         <path>C:\ti\ccsv6\tools\compiler\ti-cgt-msp430_4.4.7\lib\</path>
         <kind>archive</kind>
         <file>rts430x_lc_rd_eabi.lib</file>
         <name>sprintf.obj</name>
      </input_file>
      <input_file id="fl-77">
         <path>C:\ti\ccsv6\tools\compiler\ti-cgt-msp430_4.4.7\lib\</path>
         <kind>archive</kind>
         <file>rts430x_lc_rd_eabi.lib</file>
         <name>sscanf.obj</name>
      </input_file>
      <input_file id="fl-78">
         <path>C:\ti\ccsv6\tools\compiler\ti-cgt-msp430_4.4.7\lib\</path>
         <kind>archive</kind>
         <file>rts430x_lc_rd_eabi.lib</file>
         <name>strncmp.obj</name>
      </input_file>
      <input_file id="fl-79">
         <path>C:\ti\ccsv6\tools\compiler\ti-cgt-msp430_4.4.7\lib\</path>
         <kind>archive</kind>
         <file>rts430x_lc_rd_eabi.lib</file>
         <name>tmzone.obj</name>
      </input_file>
      <input_file id="fl-7a">
         <path>C:\ti\ccsv6\tools\compiler\ti-cgt-msp430_4.4.7\lib\</path>
         <kind>archive</kind>
         <file>rts430x_lc_rd_eabi.lib</file>
         <name>_lock.obj</name>
      </input_file>
      <input_file id="fl-7b">
         <path>C:\ti\ccsv6\tools\compiler\ti-cgt-msp430_4.4.7\lib\</path>
         <kind>archive</kind>
         <file>rts430x_lc_rd_eabi.lib</file>
         <name>_printfi.obj</name>
      </input_file>
      <input_file id="fl-7c">
         <path>C:\ti\ccsv6\tools\compiler\ti-cgt-msp430_4.4.7\lib\</path>
         <kind>archive</kind>
         <file>rts430x_lc_rd_eabi.lib</file>
         <name>_scanfi.obj</name>
      </input_file>
      <input_file id="fl-7d">
         <path>C:\ti\ccsv6\tools\compiler\ti-cgt-msp430_4.4.7\lib\</path>
         <kind>archive</kind>
         <file>rts430x_lc_rd_eabi.lib</file>
         <name>args_main.obj</name>
      </input_file>
      <input_file id="fl-7e">
         <path>C:\ti\ccsv6\tools\compiler\ti-cgt-msp430_4.4.7\lib\</path>
         <kind>archive</kind>
         <file>rts430x_lc_rd_eabi.lib</file>
         <name>asr32.obj</name>
      </input_file>
      <input_file id="fl-7f">
         <path>C:\ti\ccsv6\tools\compiler\ti-cgt-msp430_4.4.7\lib\</path>
         <kind>archive</kind>
         <file>rts430x_lc_rd_eabi.lib</file>
         <name>asr64.obj</name>
      </input_file>
      <input_file id="fl-80">
         <path>C:\ti\ccsv6\tools\compiler\ti-cgt-msp430_4.4.7\lib\</path>
         <kind>archive</kind>
         <file>rts430x_lc_rd_eabi.lib</file>
         <name>atoi.obj</name>
      </input_file>
      <input_file id="fl-81">
         <path>C:\ti\ccsv6\tools\compiler\ti-cgt-msp430_4.4.7\lib\</path>
         <kind>archive</kind>
         <file>rts430x_lc_rd_eabi.lib</file>
         <name>autoinit_wdt.obj</name>
      </input_file>
      <input_file id="fl-82">
         <path>C:\ti\ccsv6\tools\compiler\ti-cgt-msp430_4.4.7\lib\</path>
         <kind>archive</kind>
         <file>rts430x_lc_rd_eabi.lib</file>
         <name>cmpd.obj</name>
      </input_file>
      <input_file id="fl-83">
         <path>C:\ti\ccsv6\tools\compiler\ti-cgt-msp430_4.4.7\lib\</path>
         <kind>archive</kind>
         <file>rts430x_lc_rd_eabi.lib</file>
         <name>ctype.obj</name>
      </input_file>
      <input_file id="fl-84">
         <path>C:\ti\ccsv6\tools\compiler\ti-cgt-msp430_4.4.7\lib\</path>
         <kind>archive</kind>
         <file>rts430x_lc_rd_eabi.lib</file>
         <name>cvtdf.obj</name>
      </input_file>
      <input_file id="fl-85">
         <path>C:\ti\ccsv6\tools\compiler\ti-cgt-msp430_4.4.7\lib\</path>
         <kind>archive</kind>
         <file>rts430x_lc_rd_eabi.lib</file>
         <name>divd.obj</name>
      </input_file>
      <input_file id="fl-86">
         <path>C:\ti\ccsv6\tools\compiler\ti-cgt-msp430_4.4.7\lib\</path>
         <kind>archive</kind>
         <file>rts430x_lc_rd_eabi.lib</file>
         <name>fixdi.obj</name>
      </input_file>
      <input_file id="fl-87">
         <path>C:\ti\ccsv6\tools\compiler\ti-cgt-msp430_4.4.7\lib\</path>
         <kind>archive</kind>
         <file>rts430x_lc_rd_eabi.lib</file>
         <name>fltid.obj</name>
      </input_file>
      <input_file id="fl-88">
         <path>C:\ti\ccsv6\tools\compiler\ti-cgt-msp430_4.4.7\lib\</path>
         <kind>archive</kind>
         <file>rts430x_lc_rd_eabi.lib</file>
         <name>fltlid.obj</name>
      </input_file>
      <input_file id="fl-89">
         <path>C:\ti\ccsv6\tools\compiler\ti-cgt-msp430_4.4.7\lib\</path>
         <kind>archive</kind>
         <file>rts430x_lc_rd_eabi.lib</file>
         <name>frcdivd.obj</name>
      </input_file>
      <input_file id="fl-8a">
         <path>C:\ti\ccsv6\tools\compiler\ti-cgt-msp430_4.4.7\lib\</path>
         <kind>archive</kind>
         <file>rts430x_lc_rd_eabi.lib</file>
         <name>frcmpyd.obj</name>
      </input_file>
      <input_file id="fl-8b">
         <path>C:\ti\ccsv6\tools\compiler\ti-cgt-msp430_4.4.7\lib\</path>
         <kind>archive</kind>
         <file>rts430x_lc_rd_eabi.lib</file>
         <name>frexp.obj</name>
      </input_file>
      <input_file id="fl-8c">
         <path>C:\ti\ccsv6\tools\compiler\ti-cgt-msp430_4.4.7\lib\</path>
         <kind>archive</kind>
         <file>rts430x_lc_rd_eabi.lib</file>
         <name>isspace.obj</name>
      </input_file>
      <input_file id="fl-8d">
         <path>C:\ti\ccsv6\tools\compiler\ti-cgt-msp430_4.4.7\lib\</path>
         <kind>archive</kind>
         <file>rts430x_lc_rd_eabi.lib</file>
         <name>isxdigit.obj</name>
      </input_file>
      <input_file id="fl-8e">
         <path>C:\ti\ccsv6\tools\compiler\ti-cgt-msp430_4.4.7\lib\</path>
         <kind>archive</kind>
         <file>rts430x_lc_rd_eabi.lib</file>
         <name>ldexp.obj</name>
      </input_file>
      <input_file id="fl-8f">
         <path>C:\ti\ccsv6\tools\compiler\ti-cgt-msp430_4.4.7\lib\</path>
         <kind>archive</kind>
         <file>rts430x_lc_rd_eabi.lib</file>
         <name>ltoa.obj</name>
      </input_file>
      <input_file id="fl-90">
         <path>C:\ti\ccsv6\tools\compiler\ti-cgt-msp430_4.4.7\lib\</path>
         <kind>archive</kind>
         <file>rts430x_lc_rd_eabi.lib</file>
         <name>memccpy.obj</name>
      </input_file>
      <input_file id="fl-91">
         <path>C:\ti\ccsv6\tools\compiler\ti-cgt-msp430_4.4.7\lib\</path>
         <kind>archive</kind>
         <file>rts430x_lc_rd_eabi.lib</file>
         <name>mult1632.obj</name>
      </input_file>
      <input_file id="fl-92">
         <path>C:\ti\ccsv6\tools\compiler\ti-cgt-msp430_4.4.7\lib\</path>
         <kind>archive</kind>
         <file>rts430x_lc_rd_eabi.lib</file>
         <name>negd.obj</name>
      </input_file>
      <input_file id="fl-93">
         <path>C:\ti\ccsv6\tools\compiler\ti-cgt-msp430_4.4.7\lib\</path>
         <kind>archive</kind>
         <file>rts430x_lc_rd_eabi.lib</file>
         <name>strchr.obj</name>
      </input_file>
      <input_file id="fl-94">
         <path>C:\ti\ccsv6\tools\compiler\ti-cgt-msp430_4.4.7\lib\</path>
         <kind>archive</kind>
         <file>rts430x_lc_rd_eabi.lib</file>
         <name>strcpy.obj</name>
      </input_file>
      <input_file id="fl-95">
         <path>C:\ti\ccsv6\tools\compiler\ti-cgt-msp430_4.4.7\lib\</path>
         <kind>archive</kind>
         <file>rts430x_lc_rd_eabi.lib</file>
         <name>strlen.obj</name>
      </input_file>
      <input_file id="fl-96">
         <path>C:\ti\ccsv6\tools\compiler\ti-cgt-msp430_4.4.7\lib\</path>
         <kind>archive</kind>
         <file>rts430x_lc_rd_eabi.lib</file>
         <name>strrchr.obj</name>
      </input_file>
      <input_file id="fl-97">
         <path>C:\ti\ccsv6\tools\compiler\ti-cgt-msp430_4.4.7\lib\</path>
         <kind>archive</kind>
         <file>rts430x_lc_rd_eabi.lib</file>
         <name>strtod.obj</name>
      </input_file>
      <input_file id="fl-98">
         <path>C:\ti\ccsv6\tools\compiler\ti-cgt-msp430_4.4.7\lib\</path>
         <kind>archive</kind>
         <file>rts430x_lc_rd_eabi.lib</file>
         <name>strtol.obj</name>
      </input_file>
      <input_file id="fl-99">
         <path>C:\ti\ccsv6\tools\compiler\ti-cgt-msp430_4.4.7\lib\</path>
         <kind>archive</kind>
         <file>rts430x_lc_rd_eabi.lib</file>
         <name>strtoll.obj</name>
      </input_file>
      <input_file id="fl-9a">
         <path>C:\ti\ccsv6\tools\compiler\ti-cgt-msp430_4.4.7\lib\</path>
         <kind>archive</kind>
         <file>rts430x_lc_rd_eabi.lib</file>
         <name>strtoul.obj</name>
      </input_file>
      <input_file id="fl-9b">
         <path>C:\ti\ccsv6\tools\compiler\ti-cgt-msp430_4.4.7\lib\</path>
         <kind>archive</kind>
         <file>rts430x_lc_rd_eabi.lib</file>
         <name>strtoull.obj</name>
      </input_file>
      <input_file id="fl-9c">
         <path>C:\ti\ccsv6\tools\compiler\ti-cgt-msp430_4.4.7\lib\</path>
         <kind>archive</kind>
         <file>rts430x_lc_rd_eabi.lib</file>
         <name>subd.obj</name>
      </input_file>
      <input_file id="fl-9d">
         <path>C:\ti\ccsv6\tools\compiler\ti-cgt-msp430_4.4.7\lib\</path>
         <kind>archive</kind>
         <file>rts430x_lc_rd_eabi.lib</file>
         <name>toupper.obj</name>
      </input_file>
      <input_file id="fl-9e">
         <path>C:\ti\ccsv6\tools\compiler\ti-cgt-msp430_4.4.7\lib\</path>
         <kind>archive</kind>
         <file>rts430x_lc_rd_eabi.lib</file>
         <name>xdclass.obj</name>
      </input_file>
      <input_file id="fl-9f">
         <path>C:\ti\ccsv6\tools\compiler\ti-cgt-msp430_4.4.7\lib\</path>
         <kind>archive</kind>
         <file>rts430x_lc_rd_eabi.lib</file>
         <name>xdscale.obj</name>
      </input_file>
      <input_file id="fl-a0">
         <path>C:\ti\ccsv6\tools\compiler\ti-cgt-msp430_4.4.7\lib\</path>
         <kind>archive</kind>
         <file>rts430x_lc_rd_eabi.lib</file>
         <name>xdunscal.obj</name>
      </input_file>
      <input_file id="fl-a1">
         <path>C:\ti\ccsv6\tools\compiler\ti-cgt-msp430_4.4.7\lib\</path>
         <kind>archive</kind>
         <file>rts430x_lc_rd_eabi.lib</file>
         <name>xferaise.obj</name>
      </input_file>
      <input_file id="fl-a2">
         <path>C:\ti\ccsv6\tools\compiler\ti-cgt-msp430_4.4.7\lib\</path>
         <kind>archive</kind>
         <file>rts430x_lc_rd_eabi.lib</file>
         <name>xvalues.obj</name>
      </input_file>
      <input_file id="fl-a3">
         <path>C:\ti\ccsv6\tools\compiler\ti-cgt-msp430_4.4.7\lib\</path>
         <kind>archive</kind>
         <file>rts430x_lc_rd_eabi.lib</file>
         <name>abs.obj</name>
      </input_file>
      <input_file id="fl-a4">
         <path>C:\ti\ccsv6\tools\compiler\ti-cgt-msp430_4.4.7\lib\</path>
         <kind>archive</kind>
         <file>rts430x_lc_rd_eabi.lib</file>
         <name>errno.obj</name>
      </input_file>
      <input_file id="fl-a5">
         <path>C:\ti\ccsv6\tools\compiler\ti-cgt-msp430_4.4.7\lib\</path>
         <kind>archive</kind>
         <file>rts430x_lc_rd_eabi.lib</file>
         <name>feraiseexcept.obj</name>
      </input_file>
      <input_file id="fl-a6">
         <path>C:\ti\ccsv6\tools\compiler\ti-cgt-msp430_4.4.7\lib\</path>
         <kind>archive</kind>
         <file>rts430x_lc_rd_eabi.lib</file>
         <name>lsl16.obj</name>
      </input_file>
      <input_file id="fl-a7">
         <path>C:\ti\ccsv6\tools\compiler\ti-cgt-msp430_4.4.7\lib\</path>
         <kind>archive</kind>
         <file>rts430x_lc_rd_eabi.lib</file>
         <name>lsr16.obj</name>
      </input_file>
      <input_file id="fl-a8">
         <path>C:\ti\ccsv6\tools\compiler\ti-cgt-msp430_4.4.7\lib\</path>
         <kind>archive</kind>
         <file>rts430x_lc_rd_eabi.lib</file>
         <name>raise.obj</name>
      </input_file>
      <input_file id="fl-a9">
         <path>C:\ti\ccsv6\tools\compiler\ti-cgt-msp430_4.4.7\lib\</path>
         <kind>archive</kind>
         <file>rts430x_lc_rd_eabi.lib</file>
         <name>rem64u.obj</name>
      </input_file>
      <input_file id="fl-aa">
         <path>C:\ti\ccsv6\tools\compiler\ti-cgt-msp430_4.4.7\lib\</path>
         <kind>archive</kind>
         <file>rts430x_lc_rd_eabi.lib</file>
         <name>signal.obj</name>
      </input_file>
      <input_file id="fl-ab">
         <path>C:\ti\ccsv6\tools\compiler\ti-cgt-msp430_4.4.7\lib\</path>
         <kind>archive</kind>
         <file>rts430x_lc_rd_eabi.lib</file>
         <name>xdnorm.obj</name>
      </input_file>
   </input_file_list>
   <object_component_list>
      <object_component id="oc-1da">
         <name>.common:OBS_Time_hp</name>
         <uninitialized>true</uninitialized>
         <run_address>0x1e98</run_address>
         <size>0x8</size>
      </object_component>
      <object_component id="oc-189">
         <name>.common:GPSTime</name>
         <uninitialized>true</uninitialized>
         <run_address>0x1e88</run_address>
         <size>0x8</size>
      </object_component>
      <object_component id="oc-179">
         <name>.common:GPSTime_Buffer</name>
         <uninitialized>true</uninitialized>
         <run_address>0x1e90</run_address>
         <size>0x8</size>
      </object_component>
      <object_component id="oc-1e7">
         <name>.common:diff_Time_hp</name>
         <uninitialized>true</uninitialized>
         <run_address>0x1ea0</run_address>
         <size>0x8</size>
      </object_component>
      <object_component id="oc-1e6">
         <name>.common:CCR1_hp</name>
         <uninitialized>true</uninitialized>
         <run_address>0x1e80</run_address>
         <size>0x8</size>
      </object_component>
      <object_component id="oc-197">
         <name>.common:COM1_REC_BUFFER</name>
         <uninitialized>true</uninitialized>
         <run_address>0x1c00</run_address>
         <size>0x80</size>
      </object_component>
      <object_component id="oc-16f">
         <name>.common:COM2_BUFFER</name>
         <uninitialized>true</uninitialized>
         <run_address>0x1c80</run_address>
         <size>0x80</size>
      </object_component>
      <object_component id="oc-167">
         <name>.common:COM2_REC_BUFFER</name>
         <uninitialized>true</uninitialized>
         <run_address>0x1d00</run_address>
         <size>0x80</size>
      </object_component>
      <object_component id="oc-18d">
         <name>.common:COM3_BUFFER</name>
         <uninitialized>true</uninitialized>
         <run_address>0x1d80</run_address>
         <size>0x80</size>
      </object_component>
      <object_component id="oc-18c">
         <name>.common:COM3_REC_BUFFER</name>
         <uninitialized>true</uninitialized>
         <run_address>0x1e00</run_address>
         <size>0x80</size>
      </object_component>
      <object_component id="oc-196">
         <name>.common:UART_COM1_RX_count</name>
         <uninitialized>true</uninitialized>
         <run_address>0x1ea8</run_address>
         <size>0x2</size>
      </object_component>
      <object_component id="oc-164">
         <name>.common:UART_COM2_RX_count</name>
         <uninitialized>true</uninitialized>
         <run_address>0x1eaa</run_address>
         <size>0x2</size>
      </object_component>
      <object_component id="oc-18b">
         <name>.common:UART_COM3_RX_count</name>
         <uninitialized>true</uninitialized>
         <run_address>0x1eac</run_address>
         <size>0x2</size>
      </object_component>
      <object_component id="oc-cf">
         <name>.stack</name>
         <uninitialized>true</uninitialized>
         <run_address>0x5b60</run_address>
         <size>0x4</size>
         <input_file_ref idref="fl-39"/>
      </object_component>
      <object_component id="oc-64d">
         <name>.stack</name>
         <uninitialized>true</uninitialized>
         <run_address>0x5b60</run_address>
         <size>0x0</size>
      </object_component>
      <object_component id="oc-505">
         <name>.text:__TI_frcdivd</name>
         <load_address>0x10000</load_address>
         <run_address>0x10000</run_address>
         <size>0x452</size>
         <input_file_ref idref="fl-89"/>
      </object_component>
      <object_component id="oc-2c8">
         <name>.text:__TI_scanfi</name>
         <load_address>0x10452</load_address>
         <run_address>0x10452</run_address>
         <size>0x3de</size>
         <input_file_ref idref="fl-7c"/>
      </object_component>
      <object_component id="oc-484">
         <name>.text:__mspabi_divull</name>
         <load_address>0x10830</load_address>
         <run_address>0x10830</run_address>
         <size>0x39a</size>
         <input_file_ref idref="fl-44"/>
      </object_component>
      <object_component id="oc-3f3">
         <name>.text:strtoll</name>
         <load_address>0x10bca</load_address>
         <run_address>0x10bca</run_address>
         <size>0x378</size>
         <input_file_ref idref="fl-99"/>
      </object_component>
      <object_component id="oc-2dc">
         <name>.text:__TI_frcmpyd</name>
         <load_address>0x10f42</load_address>
         <run_address>0x10f42</run_address>
         <size>0x2e4</size>
         <input_file_ref idref="fl-8a"/>
      </object_component>
      <object_component id="oc-3e1">
         <name>.text:strtod</name>
         <load_address>0x11226</load_address>
         <run_address>0x11226</run_address>
         <size>0x2e4</size>
         <input_file_ref idref="fl-97"/>
      </object_component>
      <object_component id="oc-261">
         <name>.text:__mspabi_addd</name>
         <load_address>0x1150a</load_address>
         <run_address>0x1150a</run_address>
         <size>0x2d8</size>
         <input_file_ref idref="fl-38"/>
      </object_component>
      <object_component id="oc-25b">
         <name>.text:__mspabi_mpyd</name>
         <load_address>0x117e2</load_address>
         <run_address>0x117e2</run_address>
         <size>0x282</size>
         <input_file_ref idref="fl-6a"/>
      </object_component>
      <object_component id="oc-3db">
         <name>.text:strtoull</name>
         <load_address>0x11a64</load_address>
         <run_address>0x11a64</run_address>
         <size>0x282</size>
         <input_file_ref idref="fl-9b"/>
      </object_component>
      <object_component id="oc-326">
         <name>.text:_setfield</name>
         <load_address>0x11ce6</load_address>
         <run_address>0x11ce6</run_address>
         <size>0x262</size>
         <input_file_ref idref="fl-7b"/>
      </object_component>
      <object_component id="oc-2e9">
         <name>.text:__TI_frcaddd</name>
         <load_address>0x11f48</load_address>
         <run_address>0x11f48</run_address>
         <size>0x252</size>
         <input_file_ref idref="fl-49"/>
      </object_component>
      <object_component id="oc-3f9">
         <name>.text:strtol</name>
         <load_address>0x1219a</load_address>
         <run_address>0x1219a</run_address>
         <size>0x23c</size>
         <input_file_ref idref="fl-98"/>
      </object_component>
      <object_component id="oc-137">
         <name>.text:main</name>
         <load_address>0x123d6</load_address>
         <run_address>0x123d6</run_address>
         <size>0x238</size>
         <input_file_ref idref="fl-3"/>
      </object_component>
      <object_component id="oc-1d4">
         <name>.text:ms_timestr2hptime</name>
         <load_address>0x1260e</load_address>
         <run_address>0x1260e</run_address>
         <size>0x234</size>
         <input_file_ref idref="fl-2"/>
      </object_component>
      <object_component id="oc-498">
         <name>.text:__mspabi_divd</name>
         <load_address>0x12842</load_address>
         <run_address>0x12842</run_address>
         <size>0x222</size>
         <input_file_ref idref="fl-85"/>
      </object_component>
      <object_component id="oc-3bf">
         <name>.text:_pproc_fgea</name>
         <load_address>0x12a64</load_address>
         <run_address>0x12a64</run_address>
         <size>0x218</size>
         <input_file_ref idref="fl-7b"/>
      </object_component>
      <object_component id="oc-4c9">
         <name>.text:ecvt</name>
         <load_address>0x12c7c</load_address>
         <run_address>0x12c7c</run_address>
         <size>0x218</size>
         <input_file_ref idref="fl-7b"/>
      </object_component>
      <object_component id="oc-4f0">
         <name>.text:acvt</name>
         <load_address>0x12e94</load_address>
         <run_address>0x12e94</run_address>
         <size>0x212</size>
         <input_file_ref idref="fl-7b"/>
      </object_component>
      <object_component id="oc-298">
         <name>.text:__TI_printfi</name>
         <load_address>0x130a6</load_address>
         <run_address>0x130a6</run_address>
         <size>0x202</size>
         <input_file_ref idref="fl-7b"/>
      </object_component>
      <object_component id="oc-4dc">
         <name>.text:fcvt</name>
         <load_address>0x132a8</load_address>
         <run_address>0x132a8</run_address>
         <size>0x202</size>
         <input_file_ref idref="fl-7b"/>
      </object_component>
      <object_component id="oc-36d">
         <name>.text:_sproc_int</name>
         <load_address>0x134aa</load_address>
         <run_address>0x134aa</run_address>
         <size>0x1fa</size>
         <input_file_ref idref="fl-7c"/>
      </object_component>
      <object_component id="oc-3ed">
         <name>.text:strtoul</name>
         <load_address>0x136a4</load_address>
         <run_address>0x136a4</run_address>
         <size>0x1cc</size>
         <input_file_ref idref="fl-9a"/>
      </object_component>
      <object_component id="oc-465">
         <name>.text:_pconv_e</name>
         <load_address>0x13870</load_address>
         <run_address>0x13870</run_address>
         <size>0x1a4</size>
         <input_file_ref idref="fl-7b"/>
      </object_component>
      <object_component id="oc-578">
         <name>.text:_Dscale</name>
         <load_address>0x13a14</load_address>
         <run_address>0x13a14</run_address>
         <size>0x19e</size>
         <input_file_ref idref="fl-9f"/>
      </object_component>
      <object_component id="oc-355">
         <name>.text:_sset_arg</name>
         <load_address>0x13bb2</load_address>
         <run_address>0x13bb2</run_address>
         <size>0x18c</size>
         <input_file_ref idref="fl-7c"/>
      </object_component>
      <object_component id="oc-43a">
         <name>.text:_getarg_diouxp</name>
         <load_address>0x13d3e</load_address>
         <run_address>0x13d3e</run_address>
         <size>0x188</size>
         <input_file_ref idref="fl-7b"/>
      </object_component>
      <object_component id="oc-46b">
         <name>.text:_pconv_a</name>
         <load_address>0x13ec6</load_address>
         <run_address>0x13ec6</run_address>
         <size>0x16e</size>
         <input_file_ref idref="fl-7b"/>
      </object_component>
      <object_component id="oc-3b9">
         <name>.text:_pproc_diouxp</name>
         <load_address>0x14034</load_address>
         <run_address>0x14034</run_address>
         <size>0x148</size>
         <input_file_ref idref="fl-7b"/>
      </object_component>
      <object_component id="oc-300">
         <name>.text:ms_btime2hptime</name>
         <load_address>0x1417c</load_address>
         <run_address>0x1417c</run_address>
         <size>0x12c</size>
         <input_file_ref idref="fl-2"/>
      </object_component>
      <object_component id="oc-361">
         <name>.text:_sproc_float</name>
         <load_address>0x142a8</load_address>
         <run_address>0x142a8</run_address>
         <size>0x11c</size>
         <input_file_ref idref="fl-7c"/>
      </object_component>
      <object_component id="oc-56e">
         <name>.text:_Dnorm</name>
         <load_address>0x143c4</load_address>
         <run_address>0x143c4</run_address>
         <size>0x100</size>
         <input_file_ref idref="fl-ab"/>
      </object_component>
      <object_component id="oc-459">
         <name>.text:_pconv_g</name>
         <load_address>0x144c4</load_address>
         <run_address>0x144c4</run_address>
         <size>0xfc</size>
         <input_file_ref idref="fl-7b"/>
      </object_component>
      <object_component id="oc-320">
         <name>.text:_pproc_fwp</name>
         <load_address>0x145c0</load_address>
         <run_address>0x145c0</run_address>
         <size>0xfa</size>
         <input_file_ref idref="fl-7b"/>
      </object_component>
      <object_component id="oc-35b">
         <name>.text:_sget_conv</name>
         <load_address>0x146ba</load_address>
         <run_address>0x146ba</run_address>
         <size>0xf8</size>
         <input_file_ref idref="fl-7c"/>
      </object_component>
      <object_component id="oc-471">
         <name>.text:__mspabi_cmpd</name>
         <load_address>0x147b2</load_address>
         <run_address>0x147b2</run_address>
         <size>0xd8</size>
         <input_file_ref idref="fl-82"/>
      </object_component>
      <object_component id="oc-26d">
         <name>.text:ms_md2doy</name>
         <load_address>0x1488a</load_address>
         <run_address>0x1488a</run_address>
         <size>0xc6</size>
         <input_file_ref idref="fl-2"/>
      </object_component>
      <object_component id="oc-1db">
         <name>.text</name>
         <load_address>0x14950</load_address>
         <run_address>0x14950</run_address>
         <size>0xb6</size>
         <input_file_ref idref="fl-4b"/>
      </object_component>
      <object_component id="oc-395">
         <name>.text:__TI_renormd</name>
         <load_address>0x14a06</load_address>
         <run_address>0x14a06</run_address>
         <size>0xb2</size>
         <input_file_ref idref="fl-74"/>
      </object_component>
      <object_component id="oc-32c">
         <name>.text:_pproc_str</name>
         <load_address>0x14ab8</load_address>
         <run_address>0x14ab8</run_address>
         <size>0xa8</size>
         <input_file_ref idref="fl-7b"/>
      </object_component>
      <object_component id="oc-440">
         <name>.text:_ltostr</name>
         <load_address>0x14b60</load_address>
         <run_address>0x14b60</run_address>
         <size>0x9e</size>
         <input_file_ref idref="fl-7b"/>
      </object_component>
      <object_component id="oc-349">
         <name>.text:_sproc_str</name>
         <load_address>0x14bfe</load_address>
         <run_address>0x14bfe</run_address>
         <size>0x9e</size>
         <input_file_ref idref="fl-7c"/>
      </object_component>
      <object_component id="oc-528">
         <name>.text:__mspabi_fltlid</name>
         <load_address>0x14c9c</load_address>
         <run_address>0x14c9c</run_address>
         <size>0x94</size>
         <input_file_ref idref="fl-88"/>
      </object_component>
      <object_component id="oc-4cf">
         <name>.text:_ecpy</name>
         <load_address>0x14d30</load_address>
         <run_address>0x14d30</run_address>
         <size>0x94</size>
         <input_file_ref idref="fl-7b"/>
      </object_component>
      <object_component id="oc-367">
         <name>.text:_sproc_lb</name>
         <load_address>0x14dc4</load_address>
         <run_address>0x14dc4</run_address>
         <size>0x94</size>
         <input_file_ref idref="fl-7c"/>
      </object_component>
      <object_component id="oc-4d5">
         <name>.text:_mcpy</name>
         <load_address>0x14e58</load_address>
         <run_address>0x14e58</run_address>
         <size>0x90</size>
         <input_file_ref idref="fl-7b"/>
      </object_component>
      <object_component id="oc-1c0">
         <name>.text:UART_Init</name>
         <load_address>0x14ee8</load_address>
         <run_address>0x14ee8</run_address>
         <size>0x8e</size>
         <input_file_ref idref="fl-3"/>
      </object_component>
      <object_component id="oc-3e7">
         <name>.text:__mspabi_cvtdf</name>
         <load_address>0x14f76</load_address>
         <run_address>0x14f76</run_address>
         <size>0x8c</size>
         <input_file_ref idref="fl-84"/>
      </object_component>
      <object_component id="oc-4be">
         <name>.text:_div</name>
         <load_address>0x15002</load_address>
         <run_address>0x15002</run_address>
         <size>0x88</size>
         <input_file_ref idref="fl-7b"/>
      </object_component>
      <object_component id="oc-547">
         <name>.text:ldexp</name>
         <load_address>0x1508a</load_address>
         <run_address>0x1508a</run_address>
         <size>0x86</size>
         <input_file_ref idref="fl-8e"/>
      </object_component>
      <object_component id="oc-273">
         <name>.text:ms_time2hptime_int</name>
         <load_address>0x15110</load_address>
         <run_address>0x15110</run_address>
         <size>0x86</size>
         <input_file_ref idref="fl-2"/>
      </object_component>
      <object_component id="oc-1e0">
         <name>.text:__mspabi_fixflli</name>
         <load_address>0x15196</load_address>
         <run_address>0x15196</run_address>
         <size>0x84</size>
         <input_file_ref idref="fl-48"/>
      </object_component>
      <object_component id="oc-400">
         <name>.text:_sget_scanset</name>
         <load_address>0x1521a</load_address>
         <run_address>0x1521a</run_address>
         <size>0x80</size>
         <input_file_ref idref="fl-7c"/>
      </object_component>
      <object_component id="oc-522">
         <name>.text:ltoa</name>
         <load_address>0x1529a</load_address>
         <run_address>0x1529a</run_address>
         <size>0x80</size>
         <input_file_ref idref="fl-8f"/>
      </object_component>
      <object_component id="oc-2c2">
         <name>.text:_chkmbc</name>
         <load_address>0x1531a</load_address>
         <run_address>0x1531a</run_address>
         <size>0x7a</size>
         <input_file_ref idref="fl-77"/>
      </object_component>
      <object_component id="oc-45f">
         <name>.text:_pconv_f</name>
         <load_address>0x15394</load_address>
         <run_address>0x15394</run_address>
         <size>0x78</size>
         <input_file_ref idref="fl-7b"/>
      </object_component>
      <object_component id="oc-173">
         <name>.text:get_hp_Gps_time</name>
         <load_address>0x1540c</load_address>
         <run_address>0x1540c</run_address>
         <size>0x78</size>
         <input_file_ref idref="fl-3"/>
      </object_component>
      <object_component id="oc-53f">
         <name>.text:_Dunscale</name>
         <load_address>0x15484</load_address>
         <run_address>0x15484</run_address>
         <size>0x72</size>
         <input_file_ref idref="fl-a0"/>
      </object_component>
      <object_component id="oc-11d">
         <name>.text:_auto_init_hold_wdt</name>
         <load_address>0x154f6</load_address>
         <run_address>0x154f6</run_address>
         <size>0x6c</size>
         <input_file_ref idref="fl-81"/>
      </object_component>
      <object_component id="oc-e0">
         <name>.text:__TI_decompress_rle_core</name>
         <load_address>0x15562</load_address>
         <run_address>0x15562</run_address>
         <size>0x68</size>
         <input_file_ref idref="fl-3c"/>
      </object_component>
      <object_component id="oc-267">
         <name>.text:__mspabi_fixdli</name>
         <load_address>0x155ca</load_address>
         <run_address>0x155ca</run_address>
         <size>0x66</size>
         <input_file_ref idref="fl-47"/>
      </object_component>
      <object_component id="oc-255">
         <name>.text:__mspabi_cvtfd</name>
         <load_address>0x15630</load_address>
         <run_address>0x15630</run_address>
         <size>0x64</size>
         <input_file_ref idref="fl-3e"/>
      </object_component>
      <object_component id="oc-3b1">
         <name>.text:atoi</name>
         <load_address>0x15694</load_address>
         <run_address>0x15694</run_address>
         <size>0x62</size>
         <input_file_ref idref="fl-80"/>
      </object_component>
      <object_component id="oc-1eb">
         <name>.text:snprintf</name>
         <load_address>0x156f6</load_address>
         <run_address>0x156f6</run_address>
         <size>0x62</size>
         <input_file_ref idref="fl-75"/>
      </object_component>
      <object_component id="oc-210">
         <name>.text:findStrPoint</name>
         <load_address>0x15758</load_address>
         <run_address>0x15758</run_address>
         <size>0x60</size>
         <input_file_ref idref="fl-3"/>
      </object_component>
      <object_component id="oc-3a8">
         <name>.text:__mpyll</name>
         <load_address>0x157b8</load_address>
         <run_address>0x157b8</run_address>
         <size>0x5a</size>
         <input_file_ref idref="fl-72"/>
      </object_component>
      <object_component id="oc-42a">
         <name>.text</name>
         <load_address>0x15812</load_address>
         <run_address>0x15812</run_address>
         <size>0x58</size>
         <input_file_ref idref="fl-42"/>
      </object_component>
      <object_component id="oc-4a7">
         <name>.text:__mspabi_remull</name>
         <load_address>0x1586a</load_address>
         <run_address>0x1586a</run_address>
         <size>0x54</size>
         <input_file_ref idref="fl-a9"/>
      </object_component>
      <object_component id="oc-44d">
         <name>.text:_Dclass</name>
         <load_address>0x158be</load_address>
         <run_address>0x158be</run_address>
         <size>0x50</size>
         <input_file_ref idref="fl-9e"/>
      </object_component>
      <object_component id="oc-4e2">
         <name>.text:_fcpy</name>
         <load_address>0x1590e</load_address>
         <run_address>0x1590e</run_address>
         <size>0x4e</size>
         <input_file_ref idref="fl-7b"/>
      </object_component>
      <object_component id="oc-250">
         <name>.text</name>
         <load_address>0x1595c</load_address>
         <run_address>0x1595c</run_address>
         <size>0x4a</size>
         <input_file_ref idref="fl-4a"/>
      </object_component>
      <object_component id="oc-1ba">
         <name>.text:Crystal_Init</name>
         <load_address>0x159a6</load_address>
         <run_address>0x159a6</run_address>
         <size>0x48</size>
         <input_file_ref idref="fl-3"/>
      </object_component>
      <object_component id="oc-31a">
         <name>.text:_pproc_fflags</name>
         <load_address>0x159ee</load_address>
         <run_address>0x159ee</run_address>
         <size>0x46</size>
         <input_file_ref idref="fl-7b"/>
      </object_component>
      <object_component id="oc-4ea">
         <name>.text:frexp</name>
         <load_address>0x15a34</load_address>
         <run_address>0x15a34</run_address>
         <size>0x42</size>
         <input_file_ref idref="fl-8b"/>
      </object_component>
      <object_component id="oc-3a3">
         <name>.text</name>
         <load_address>0x15a76</load_address>
         <run_address>0x15a76</run_address>
         <size>0x40</size>
         <input_file_ref idref="fl-41"/>
      </object_component>
      <object_component id="oc-553">
         <name>.text:incr_hex</name>
         <load_address>0x15ab6</load_address>
         <run_address>0x15ab6</run_address>
         <size>0x3e</size>
         <input_file_ref idref="fl-7b"/>
      </object_component>
      <object_component id="oc-2d1">
         <name>.text:l_asr_const</name>
         <load_address>0x15af4</load_address>
         <run_address>0x15af4</run_address>
         <size>0x3e</size>
         <input_file_ref idref="fl-7e"/>
      </object_component>
      <object_component id="oc-2f1">
         <name>.text:l_lsl_const</name>
         <load_address>0x15b32</load_address>
         <run_address>0x15b32</run_address>
         <size>0x3e</size>
         <input_file_ref idref="fl-62"/>
      </object_component>
      <object_component id="oc-37d">
         <name>.text:l_lsr_const</name>
         <load_address>0x15b70</load_address>
         <run_address>0x15b70</run_address>
         <size>0x3e</size>
         <input_file_ref idref="fl-64"/>
      </object_component>
      <object_component id="oc-27c">
         <name>.text:__mspabi_sllll</name>
         <load_address>0x15bae</load_address>
         <run_address>0x15bae</run_address>
         <size>0x3a</size>
         <input_file_ref idref="fl-63"/>
      </object_component>
      <object_component id="oc-282">
         <name>.text:__mspabi_srlll</name>
         <load_address>0x15be8</load_address>
         <run_address>0x15be8</run_address>
         <size>0x3a</size>
         <input_file_ref idref="fl-65"/>
      </object_component>
      <object_component id="oc-5ca">
         <name>.text:signal</name>
         <load_address>0x15c22</load_address>
         <run_address>0x15c22</run_address>
         <size>0x38</size>
         <input_file_ref idref="fl-aa"/>
      </object_component>
      <object_component id="oc-57e">
         <name>.text:_Feraise</name>
         <load_address>0x15c5a</load_address>
         <run_address>0x15c5a</run_address>
         <size>0x36</size>
         <input_file_ref idref="fl-a1"/>
      </object_component>
      <object_component id="oc-28c">
         <name>.text:_outs</name>
         <load_address>0x15c90</load_address>
         <run_address>0x15c90</run_address>
         <size>0x36</size>
         <input_file_ref idref="fl-75"/>
      </object_component>
      <object_component id="oc-5a2">
         <name>.text:feraiseexcept</name>
         <load_address>0x15cc6</load_address>
         <run_address>0x15cc6</run_address>
         <size>0x34</size>
         <input_file_ref idref="fl-a5"/>
      </object_component>
      <object_component id="oc-52e">
         <name>.text:__mspabi_subd</name>
         <load_address>0x15cfa</load_address>
         <run_address>0x15cfa</run_address>
         <size>0x32</size>
         <input_file_ref idref="fl-9c"/>
      </object_component>
      <object_component id="oc-5bb">
         <name>.text:raise</name>
         <load_address>0x15d2c</load_address>
         <run_address>0x15d2c</run_address>
         <size>0x32</size>
         <input_file_ref idref="fl-a8"/>
      </object_component>
      <object_component id="oc-24a">
         <name>.text:sscanf</name>
         <load_address>0x15d5e</load_address>
         <run_address>0x15d5e</run_address>
         <size>0x30</size>
         <input_file_ref idref="fl-77"/>
      </object_component>
      <object_component id="oc-453">
         <name>.text:__mspabi_negd</name>
         <load_address>0x15d8e</load_address>
         <run_address>0x15d8e</run_address>
         <size>0x2e</size>
         <input_file_ref idref="fl-92"/>
      </object_component>
      <object_component id="oc-169">
         <name>.text:strncmp</name>
         <load_address>0x15dbc</load_address>
         <run_address>0x15dbc</run_address>
         <size>0x2e</size>
         <input_file_ref idref="fl-78"/>
      </object_component>
      <object_component id="oc-18e">
         <name>.text:UART_SendByte</name>
         <load_address>0x15dea</load_address>
         <run_address>0x15dea</run_address>
         <size>0x2c</size>
         <input_file_ref idref="fl-3"/>
      </object_component>
      <object_component id="oc-1cc">
         <name>.text</name>
         <load_address>0x15e16</load_address>
         <run_address>0x15e16</run_address>
         <size>0x2c</size>
         <input_file_ref idref="fl-3f"/>
      </object_component>
      <object_component id="oc-534">
         <name>.text:__mspabi_fixdi</name>
         <load_address>0x15e42</load_address>
         <run_address>0x15e42</run_address>
         <size>0x28</size>
         <input_file_ref idref="fl-86"/>
      </object_component>
      <object_component id="oc-8d">
         <name>.text:decompress:ZI:__TI_zero_init</name>
         <load_address>0x15e6a</load_address>
         <run_address>0x15e6a</run_address>
         <size>0x24</size>
         <input_file_ref idref="fl-3d"/>
      </object_component>
      <object_component id="oc-184">
         <name>.text</name>
         <load_address>0x15e8e</load_address>
         <run_address>0x15e8e</run_address>
         <size>0x24</size>
         <input_file_ref idref="fl-4c"/>
      </object_component>
      <object_component id="oc-382">
         <name>.text</name>
         <load_address>0x15eb2</load_address>
         <run_address>0x15eb2</run_address>
         <size>0x22</size>
         <input_file_ref idref="fl-70"/>
      </object_component>
      <object_component id="oc-292">
         <name>.text:_outc</name>
         <load_address>0x15ed4</load_address>
         <run_address>0x15ed4</run_address>
         <size>0x20</size>
         <input_file_ref idref="fl-75"/>
      </object_component>
      <object_component id="oc-54d">
         <name>.text:val_hex</name>
         <load_address>0x15ef4</load_address>
         <run_address>0x15ef4</run_address>
         <size>0x20</size>
         <input_file_ref idref="fl-7b"/>
      </object_component>
      <object_component id="oc-3c5">
         <name>.text:memccpy</name>
         <load_address>0x15f14</load_address>
         <run_address>0x15f14</run_address>
         <size>0x1e</size>
         <input_file_ref idref="fl-90"/>
      </object_component>
      <object_component id="oc-410">
         <name>.text:strchr</name>
         <load_address>0x15f32</load_address>
         <run_address>0x15f32</run_address>
         <size>0x1c</size>
         <input_file_ref idref="fl-93"/>
      </object_component>
      <object_component id="oc-408">
         <name>.text:strrchr</name>
         <load_address>0x15f4e</load_address>
         <run_address>0x15f4e</run_address>
         <size>0x1c</size>
         <input_file_ref idref="fl-96"/>
      </object_component>
      <object_component id="oc-1c6">
         <name>.text:Open_Syn_Interrupt</name>
         <load_address>0x15f6a</load_address>
         <run_address>0x15f6a</run_address>
         <size>0x1a</size>
         <input_file_ref idref="fl-3"/>
      </object_component>
      <object_component id="oc-198">
         <name>.text:RS232_Send_Char</name>
         <load_address>0x15f84</load_address>
         <run_address>0x15f84</run_address>
         <size>0x1a</size>
         <input_file_ref idref="fl-3"/>
      </object_component>
      <object_component id="oc-17d">
         <name>.text:memset</name>
         <load_address>0x15f9e</load_address>
         <run_address>0x15f9e</run_address>
         <size>0x16</size>
         <input_file_ref idref="fl-67"/>
      </object_component>
      <object_component id="oc-241">
         <name>.text</name>
         <load_address>0x15fb4</load_address>
         <run_address>0x15fb4</run_address>
         <size>0x16</size>
         <input_file_ref idref="fl-40"/>
      </object_component>
      <object_component id="oc-433">
         <name>.text</name>
         <load_address>0x15fca</load_address>
         <run_address>0x15fca</run_address>
         <size>0x16</size>
         <input_file_ref idref="fl-6d"/>
      </object_component>
      <object_component id="oc-2b6">
         <name>.text:_inpchar</name>
         <load_address>0x15fe0</load_address>
         <run_address>0x15fe0</run_address>
         <size>0x14</size>
         <input_file_ref idref="fl-77"/>
      </object_component>
      <object_component id="oc-d3">
         <name>.text:memcpy</name>
         <load_address>0x15ff4</load_address>
         <run_address>0x15ff4</run_address>
         <size>0x14</size>
         <input_file_ref idref="fl-66"/>
      </object_component>
      <object_component id="oc-1f1">
         <name>.text:UART_SendStr</name>
         <load_address>0x16008</load_address>
         <run_address>0x16008</run_address>
         <size>0x12</size>
         <input_file_ref idref="fl-3"/>
      </object_component>
      <object_component id="oc-6b">
         <name>.text:decompress:none:__TI_decompress_none</name>
         <load_address>0x1601a</load_address>
         <run_address>0x1601a</run_address>
         <size>0x12</size>
         <input_file_ref idref="fl-3b"/>
      </object_component>
      <object_component id="oc-34f">
         <name>.text:strcpy</name>
         <load_address>0x1602c</load_address>
         <run_address>0x1602c</run_address>
         <size>0x12</size>
         <input_file_ref idref="fl-94"/>
      </object_component>
      <object_component id="oc-447">
         <name>.text:toupper</name>
         <load_address>0x1603e</load_address>
         <run_address>0x1603e</run_address>
         <size>0x12</size>
         <input_file_ref idref="fl-9d"/>
      </object_component>
      <object_component id="oc-390">
         <name>.text:l_asr</name>
         <load_address>0x16050</load_address>
         <run_address>0x16050</run_address>
         <size>0x10</size>
         <input_file_ref idref="fl-7e"/>
      </object_component>
      <object_component id="oc-38b">
         <name>.text:l_lsl</name>
         <load_address>0x16060</load_address>
         <run_address>0x16060</run_address>
         <size>0x10</size>
         <input_file_ref idref="fl-62"/>
      </object_component>
      <object_component id="oc-2f6">
         <name>.text:l_lsr</name>
         <load_address>0x16070</load_address>
         <run_address>0x16070</run_address>
         <size>0x10</size>
         <input_file_ref idref="fl-64"/>
      </object_component>
      <object_component id="oc-417">
         <name>.text:isxdigit</name>
         <load_address>0x16080</load_address>
         <run_address>0x16080</run_address>
         <size>0xe</size>
         <input_file_ref idref="fl-8d"/>
      </object_component>
      <object_component id="oc-314">
         <name>.text:strlen</name>
         <load_address>0x1608e</load_address>
         <run_address>0x1608e</run_address>
         <size>0xe</size>
         <input_file_ref idref="fl-95"/>
      </object_component>
      <object_component id="oc-559">
         <name>.text:__mspabi_fltid</name>
         <load_address>0x1609c</load_address>
         <run_address>0x1609c</run_address>
         <size>0xc</size>
         <input_file_ref idref="fl-87"/>
      </object_component>
      <object_component id="oc-342">
         <name>.text:isspace</name>
         <load_address>0x160a8</load_address>
         <run_address>0x160a8</run_address>
         <size>0xc</size>
         <input_file_ref idref="fl-8c"/>
      </object_component>
      <object_component id="oc-48f">
         <name>.text:abs</name>
         <load_address>0x160b4</load_address>
         <run_address>0x160b4</run_address>
         <size>0xa</size>
         <input_file_ref idref="fl-a3"/>
      </object_component>
      <object_component id="oc-598">
         <name>.text</name>
         <load_address>0x160be</load_address>
         <run_address>0x160be</run_address>
         <size>0xa</size>
         <input_file_ref idref="fl-a6"/>
      </object_component>
      <object_component id="oc-593">
         <name>.text</name>
         <load_address>0x160c8</load_address>
         <run_address>0x160c8</run_address>
         <size>0xa</size>
         <input_file_ref idref="fl-a7"/>
      </object_component>
      <object_component id="oc-2bc">
         <name>.text:_uninpchar</name>
         <load_address>0x160d2</load_address>
         <run_address>0x160d2</run_address>
         <size>0x8</size>
         <input_file_ref idref="fl-77"/>
      </object_component>
      <object_component id="oc-71">
         <name>.text:decompress:rle24:__TI_decompress_rle24</name>
         <load_address>0x160da</load_address>
         <run_address>0x160da</run_address>
         <size>0x6</size>
         <input_file_ref idref="fl-3c"/>
      </object_component>
      <object_component id="oc-117">
         <name>.text:_system_pre_init</name>
         <load_address>0x160e0</load_address>
         <run_address>0x160e0</run_address>
         <size>0x4</size>
         <input_file_ref idref="fl-73"/>
      </object_component>
      <object_component id="oc-13f">
         <name>.text:abort</name>
         <load_address>0x160e4</load_address>
         <run_address>0x160e4</run_address>
         <size>0x4</size>
         <input_file_ref idref="fl-45"/>
      </object_component>
      <object_component id="oc-22c">
         <name>.text:_nop</name>
         <load_address>0x160e8</load_address>
         <run_address>0x160e8</run_address>
         <size>0x2</size>
         <input_file_ref idref="fl-7a"/>
      </object_component>
      <object_component id="oc-f2">
         <name>.text:_isr:USCI_A1_ISR</name>
         <load_address>0x5c00</load_address>
         <run_address>0x5c00</run_address>
         <size>0xe0</size>
         <input_file_ref idref="fl-3"/>
      </object_component>
      <object_component id="oc-10a">
         <name>.text:_isr:USCI_A0_ISR</name>
         <load_address>0x5ce0</load_address>
         <run_address>0x5ce0</run_address>
         <size>0xc8</size>
         <input_file_ref idref="fl-3"/>
      </object_component>
      <object_component id="oc-fe">
         <name>.text:_isr:USCI_A2_ISR</name>
         <load_address>0x5da8</load_address>
         <run_address>0x5da8</run_address>
         <size>0xa6</size>
         <input_file_ref idref="fl-3"/>
      </object_component>
      <object_component id="oc-f8">
         <name>.text:_isr:P1ISR</name>
         <load_address>0x5e4e</load_address>
         <run_address>0x5e4e</run_address>
         <size>0x8a</size>
         <input_file_ref idref="fl-3"/>
      </object_component>
      <object_component id="oc-ab">
         <name>.text:_isr:_c_int00_noargs_noexit</name>
         <load_address>0x5ed8</load_address>
         <run_address>0x5ed8</run_address>
         <size>0x1a</size>
         <input_file_ref idref="fl-3a"/>
      </object_component>
      <object_component id="oc-104">
         <name>.text:_isr:TIMER0_A0_ISR</name>
         <load_address>0x5ef2</load_address>
         <run_address>0x5ef2</run_address>
         <size>0x16</size>
         <input_file_ref idref="fl-3"/>
      </object_component>
      <object_component id="oc-ed">
         <name>.text:_isr:__TI_ISR_TRAP</name>
         <load_address>0x5f08</load_address>
         <run_address>0x5f08</run_address>
         <size>0x6</size>
         <input_file_ref idref="fl-5f"/>
      </object_component>
      <object_component id="oc-64c">
         <name>.cinit..data.load</name>
         <load_address>0x6184</load_address>
         <run_address>0x6184</run_address>
         <size>0x94</size>
      </object_component>
      <object_component id="oc-649">
         <name>__TI_handler_table</name>
         <load_address>0x6218</load_address>
         <run_address>0x6218</run_address>
         <size>0xc</size>
      </object_component>
      <object_component id="oc-64b">
         <name>.cinit..bss.load</name>
         <load_address>0x6224</load_address>
         <run_address>0x6224</run_address>
         <size>0x6</size>
      </object_component>
      <object_component id="oc-64a">
         <name>__TI_cinit_table</name>
         <load_address>0x622a</load_address>
         <run_address>0x622a</run_address>
         <size>0x10</size>
      </object_component>
      <object_component id="oc-3d4">
         <name>.const:.string:_ctypes_</name>
         <load_address>0x5f0e</load_address>
         <run_address>0x5f0e</run_address>
         <size>0x101</size>
         <input_file_ref idref="fl-83"/>
      </object_component>
      <object_component id="oc-249">
         <name>.const:.string</name>
         <load_address>0x6010</load_address>
         <run_address>0x6010</run_address>
         <size>0x7c</size>
         <input_file_ref idref="fl-2"/>
      </object_component>
      <object_component id="oc-49e">
         <name>.const:digits</name>
         <load_address>0x608c</load_address>
         <run_address>0x608c</run_address>
         <size>0x50</size>
         <input_file_ref idref="fl-97"/>
      </object_component>
      <object_component id="oc-495">
         <name>.const:powerof10</name>
         <load_address>0x60dc</load_address>
         <run_address>0x60dc</run_address>
         <size>0x48</size>
         <input_file_ref idref="fl-97"/>
      </object_component>
      <object_component id="oc-3b8">
         <name>.const:.string</name>
         <load_address>0x6124</load_address>
         <run_address>0x6124</run_address>
         <size>0x26</size>
         <input_file_ref idref="fl-7b"/>
      </object_component>
      <object_component id="oc-2fc">
         <name>.const:$P$T0$1</name>
         <load_address>0x614a</load_address>
         <run_address>0x614a</run_address>
         <size>0x18</size>
         <input_file_ref idref="fl-2"/>
      </object_component>
      <object_component id="oc-168">
         <name>.const:.string</name>
         <load_address>0x6162</load_address>
         <run_address>0x6162</run_address>
         <size>0x14</size>
         <input_file_ref idref="fl-3"/>
      </object_component>
      <object_component id="oc-40f">
         <name>.const:.string:flit$1</name>
         <load_address>0x6176</load_address>
         <run_address>0x6176</run_address>
         <size>0x7</size>
         <input_file_ref idref="fl-7c"/>
      </object_component>
      <object_component id="oc-416">
         <name>.const:.string:barr$2</name>
         <load_address>0x617e</load_address>
         <run_address>0x617e</run_address>
         <size>0x6</size>
         <input_file_ref idref="fl-7c"/>
      </object_component>
      <object_component id="oc-77">
         <name>.int41</name>
         <load_address>0xffd2</load_address>
         <run_address>0xffd2</run_address>
         <size>0x2</size>
         <input_file_ref idref="fl-4e"/>
      </object_component>
      <object_component id="oc-78">
         <name>.int42</name>
         <load_address>0xffd4</load_address>
         <run_address>0xffd4</run_address>
         <size>0x2</size>
         <input_file_ref idref="fl-4f"/>
      </object_component>
      <object_component id="oc-79">
         <name>.int43</name>
         <load_address>0xffd6</load_address>
         <run_address>0xffd6</run_address>
         <size>0x2</size>
         <input_file_ref idref="fl-50"/>
      </object_component>
      <object_component id="oc-7a">
         <name>.int44</name>
         <load_address>0xffd8</load_address>
         <run_address>0xffd8</run_address>
         <size>0x2</size>
         <input_file_ref idref="fl-51"/>
      </object_component>
      <object_component id="oc-7b">
         <name>.int45</name>
         <load_address>0xffda</load_address>
         <run_address>0xffda</run_address>
         <size>0x2</size>
         <input_file_ref idref="fl-52"/>
      </object_component>
      <object_component id="oc-7c">
         <name>.int46</name>
         <load_address>0xffdc</load_address>
         <run_address>0xffdc</run_address>
         <size>0x2</size>
         <input_file_ref idref="fl-3"/>
      </object_component>
      <object_component id="oc-7d">
         <name>.int47</name>
         <load_address>0xffde</load_address>
         <run_address>0xffde</run_address>
         <size>0x2</size>
         <input_file_ref idref="fl-3"/>
      </object_component>
      <object_component id="oc-7e">
         <name>.int48</name>
         <load_address>0xffe0</load_address>
         <run_address>0xffe0</run_address>
         <size>0x2</size>
         <input_file_ref idref="fl-53"/>
      </object_component>
      <object_component id="oc-7f">
         <name>.int49</name>
         <load_address>0xffe2</load_address>
         <run_address>0xffe2</run_address>
         <size>0x2</size>
         <input_file_ref idref="fl-54"/>
      </object_component>
      <object_component id="oc-80">
         <name>.int50</name>
         <load_address>0xffe4</load_address>
         <run_address>0xffe4</run_address>
         <size>0x2</size>
         <input_file_ref idref="fl-55"/>
      </object_component>
      <object_component id="oc-81">
         <name>.int51</name>
         <load_address>0xffe6</load_address>
         <run_address>0xffe6</run_address>
         <size>0x2</size>
         <input_file_ref idref="fl-56"/>
      </object_component>
      <object_component id="oc-82">
         <name>.int52</name>
         <load_address>0xffe8</load_address>
         <run_address>0xffe8</run_address>
         <size>0x2</size>
         <input_file_ref idref="fl-3"/>
      </object_component>
      <object_component id="oc-83">
         <name>.int53</name>
         <load_address>0xffea</load_address>
         <run_address>0xffea</run_address>
         <size>0x2</size>
         <input_file_ref idref="fl-57"/>
      </object_component>
      <object_component id="oc-84">
         <name>.int54</name>
         <load_address>0xffec</load_address>
         <run_address>0xffec</run_address>
         <size>0x2</size>
         <input_file_ref idref="fl-3"/>
      </object_component>
      <object_component id="oc-85">
         <name>.int55</name>
         <load_address>0xffee</load_address>
         <run_address>0xffee</run_address>
         <size>0x2</size>
         <input_file_ref idref="fl-58"/>
      </object_component>
      <object_component id="oc-86">
         <name>.int56</name>
         <load_address>0xfff0</load_address>
         <run_address>0xfff0</run_address>
         <size>0x2</size>
         <input_file_ref idref="fl-59"/>
      </object_component>
      <object_component id="oc-87">
         <name>.int57</name>
         <load_address>0xfff2</load_address>
         <run_address>0xfff2</run_address>
         <size>0x2</size>
         <input_file_ref idref="fl-3"/>
      </object_component>
      <object_component id="oc-88">
         <name>.int58</name>
         <load_address>0xfff4</load_address>
         <run_address>0xfff4</run_address>
         <size>0x2</size>
         <input_file_ref idref="fl-5a"/>
      </object_component>
      <object_component id="oc-89">
         <name>.int59</name>
         <load_address>0xfff6</load_address>
         <run_address>0xfff6</run_address>
         <size>0x2</size>
         <input_file_ref idref="fl-5b"/>
      </object_component>
      <object_component id="oc-8a">
         <name>.int60</name>
         <load_address>0xfff8</load_address>
         <run_address>0xfff8</run_address>
         <size>0x2</size>
         <input_file_ref idref="fl-5c"/>
      </object_component>
      <object_component id="oc-8b">
         <name>.int61</name>
         <load_address>0xfffa</load_address>
         <run_address>0xfffa</run_address>
         <size>0x2</size>
         <input_file_ref idref="fl-5d"/>
      </object_component>
      <object_component id="oc-8c">
         <name>.int62</name>
         <load_address>0xfffc</load_address>
         <run_address>0xfffc</run_address>
         <size>0x2</size>
         <input_file_ref idref="fl-5e"/>
      </object_component>
      <object_component id="oc-d2">
         <name>.reset</name>
         <load_address>0xfffe</load_address>
         <run_address>0xfffe</run_address>
         <size>0x2</size>
         <input_file_ref idref="fl-39"/>
      </object_component>
      <object_component id="oc-170">
         <name>.data</name>
         <load_address>0x1ffe</load_address>
         <run_address>0x1ffe</run_address>
         <size>0x1c</size>
         <input_file_ref idref="fl-3"/>
      </object_component>
      <object_component id="oc-17a">
         <name>.data:GPS_Time_String</name>
         <load_address>0x201a</load_address>
         <run_address>0x201a</run_address>
         <size>0x1b</size>
         <input_file_ref idref="fl-3"/>
      </object_component>
      <object_component id="oc-1e8">
         <name>.data:diff_Time_String</name>
         <load_address>0x1fde</load_address>
         <run_address>0x1fde</run_address>
         <size>0x20</size>
         <input_file_ref idref="fl-3"/>
      </object_component>
      <object_component id="oc-1d1">
         <name>.data:OBS_Time_String</name>
         <load_address>0x2036</load_address>
         <run_address>0x2036</run_address>
         <size>0x1b</size>
         <input_file_ref idref="fl-3"/>
      </object_component>
      <object_component id="oc-1ab">
         <name>.data:_lock</name>
         <load_address>0x205a</load_address>
         <run_address>0x205a</run_address>
         <size>0x4</size>
         <input_file_ref idref="fl-7a"/>
      </object_component>
      <object_component id="oc-1b4">
         <name>.data:_unlock</name>
         <load_address>0x205e</load_address>
         <run_address>0x205e</run_address>
         <size>0x4</size>
         <input_file_ref idref="fl-7a"/>
      </object_component>
      <object_component id="oc-59d">
         <name>.data</name>
         <load_address>0x1f5e</load_address>
         <run_address>0x1f5e</run_address>
         <size>0x80</size>
         <input_file_ref idref="fl-a2"/>
      </object_component>
      <object_component id="oc-48a">
         <name>.data</name>
         <load_address>0x2062</load_address>
         <run_address>0x2062</run_address>
         <size>0x2</size>
         <input_file_ref idref="fl-a4"/>
      </object_component>
      <object_component id="oc-5b8">
         <name>.data</name>
         <load_address>0x2052</load_address>
         <run_address>0x2052</run_address>
         <size>0x8</size>
         <input_file_ref idref="fl-a5"/>
      </object_component>
      <object_component id="oc-5d4">
         <name>.data:sigtable</name>
         <load_address>0x1eae</load_address>
         <run_address>0x1eae</run_address>
         <size>0xb0</size>
         <input_file_ref idref="fl-aa"/>
      </object_component>
      <object_component id="oc-27a">
         <name>.debug_info</name>
         <load_address>0x0</load_address>
         <run_address>0x0</run_address>
         <size>0x248</size>
         <input_file_ref idref="fl-2"/>
      </object_component>
      <object_component id="oc-2fd">
         <name>.debug_info</name>
         <load_address>0x248</load_address>
         <run_address>0x248</run_address>
         <size>0xcd</size>
         <input_file_ref idref="fl-2"/>
      </object_component>
      <object_component id="oc-1d6">
         <name>.debug_info</name>
         <load_address>0x315</load_address>
         <run_address>0x315</run_address>
         <size>0x27f</size>
         <input_file_ref idref="fl-2"/>
      </object_component>
      <object_component id="oc-26f">
         <name>.debug_info</name>
         <load_address>0x594</load_address>
         <run_address>0x594</run_address>
         <size>0x1e8</size>
         <input_file_ref idref="fl-2"/>
      </object_component>
      <object_component id="oc-274">
         <name>.debug_info</name>
         <load_address>0x77c</load_address>
         <run_address>0x77c</run_address>
         <size>0x230</size>
         <input_file_ref idref="fl-2"/>
      </object_component>
      <object_component id="oc-302">
         <name>.debug_info</name>
         <load_address>0x9ac</load_address>
         <run_address>0x9ac</run_address>
         <size>0x272</size>
         <input_file_ref idref="fl-2"/>
      </object_component>
      <object_component id="oc-309">
         <name>.debug_info</name>
         <load_address>0xc1e</load_address>
         <run_address>0xc1e</run_address>
         <size>0x16f</size>
         <input_file_ref idref="fl-2"/>
      </object_component>
      <object_component id="oc-14d">
         <name>.debug_info</name>
         <load_address>0xd8d</load_address>
         <run_address>0xd8d</run_address>
         <size>0x84</size>
         <input_file_ref idref="fl-2"/>
      </object_component>
      <object_component id="oc-1fd">
         <name>.debug_info</name>
         <load_address>0xe11</load_address>
         <run_address>0xe11</run_address>
         <size>0x107</size>
         <input_file_ref idref="fl-2"/>
      </object_component>
      <object_component id="oc-334">
         <name>.debug_info</name>
         <load_address>0xf18</load_address>
         <run_address>0xf18</run_address>
         <size>0x2c</size>
         <input_file_ref idref="fl-2"/>
      </object_component>
      <object_component id="oc-165">
         <name>.debug_info</name>
         <load_address>0xf44</load_address>
         <run_address>0xf44</run_address>
         <size>0xb92</size>
         <input_file_ref idref="fl-3"/>
      </object_component>
      <object_component id="oc-171">
         <name>.debug_info</name>
         <load_address>0x1ad6</load_address>
         <run_address>0x1ad6</run_address>
         <size>0x23d</size>
[...]
      </symbol>
      <symbol id="sm-622">
         <name>__TI_int59</name>
         <value>0xfff6</value>
         <object_component_ref idref="oc-89"/>
      </symbol>
      <symbol id="sm-625">
         <name>__TI_int60</name>
         <value>0xfff8</value>
         <object_component_ref idref="oc-8a"/>
      </symbol>
      <symbol id="sm-628">
         <name>__TI_int61</name>
         <value>0xfffa</value>
         <object_component_ref idref="oc-8b"/>
      </symbol>
      <symbol id="sm-62b">
         <name>__TI_int62</name>
         <value>0xfffc</value>
         <object_component_ref idref="oc-8c"/>
      </symbol>
      <symbol id="sm-633">
         <name>__TI_ISR_TRAP</name>
         <value>0x5f08</value>
         <object_component_ref idref="oc-ed"/>
      </symbol>
      <symbol id="sm-645">
         <name>__mspabi_slll_9</name>
         <value>0x15b4a</value>
         <object_component_ref idref="oc-2f1"/>
      </symbol>
      <symbol id="sm-646">
         <name>__mspabi_slll_8</name>
         <value>0x15b4e</value>
         <object_component_ref idref="oc-2f1"/>
      </symbol>
      <symbol id="sm-647">
         <name>__mspabi_slll_7</name>
         <value>0x15b52</value>
         <object_component_ref idref="oc-2f1"/>
      </symbol>
      <symbol id="sm-648">
         <name>__mspabi_slll_6</name>
         <value>0x15b56</value>
         <object_component_ref idref="oc-2f1"/>
      </symbol>
      <symbol id="sm-649">
         <name>__mspabi_slll_5</name>
         <value>0x15b5a</value>
         <object_component_ref idref="oc-2f1"/>
      </symbol>
      <symbol id="sm-64a">
         <name>__mspabi_slll_4</name>
         <value>0x15b5e</value>
         <object_component_ref idref="oc-2f1"/>
      </symbol>
      <symbol id="sm-64b">
         <name>__mspabi_slll_3</name>
         <value>0x15b62</value>
         <object_component_ref idref="oc-2f1"/>
      </symbol>
      <symbol id="sm-64c">
         <name>__mspabi_slll_2</name>
         <value>0x15b66</value>
         <object_component_ref idref="oc-2f1"/>
      </symbol>
      <symbol id="sm-64d">
         <name>__mspabi_slll_1</name>
         <value>0x15b6a</value>
         <object_component_ref idref="oc-2f1"/>
      </symbol>
      <symbol id="sm-64e">
         <name>__mspabi_slll</name>
         <value>0x16060</value>
         <object_component_ref idref="oc-38b"/>
      </symbol>
      <symbol id="sm-64f">
         <name>__mspabi_slll_15</name>
         <value>0x15b32</value>
         <object_component_ref idref="oc-2f1"/>
      </symbol>
      <symbol id="sm-650">
         <name>__mspabi_slll_14</name>
         <value>0x15b36</value>
         <object_component_ref idref="oc-2f1"/>
      </symbol>
      <symbol id="sm-651">
         <name>__mspabi_slll_13</name>
         <value>0x15b3a</value>
         <object_component_ref idref="oc-2f1"/>
      </symbol>
      <symbol id="sm-652">
         <name>__mspabi_slll_12</name>
         <value>0x15b3e</value>
         <object_component_ref idref="oc-2f1"/>
      </symbol>
      <symbol id="sm-653">
         <name>__mspabi_slll_11</name>
         <value>0x15b42</value>
         <object_component_ref idref="oc-2f1"/>
      </symbol>
      <symbol id="sm-654">
         <name>__mspabi_slll_10</name>
         <value>0x15b46</value>
         <object_component_ref idref="oc-2f1"/>
      </symbol>
      <symbol id="sm-661">
         <name>__mspabi_sllll</name>
         <value>0x15bae</value>
         <object_component_ref idref="oc-27c"/>
      </symbol>
      <symbol id="sm-671">
         <name>__mspabi_srll_8</name>
         <value>0x15b8c</value>
         <object_component_ref idref="oc-37d"/>
      </symbol>
      <symbol id="sm-672">
         <name>__mspabi_srll_9</name>
         <value>0x15b88</value>
         <object_component_ref idref="oc-37d"/>
      </symbol>
      <symbol id="sm-673">
         <name>__mspabi_srll_6</name>
         <value>0x15b94</value>
         <object_component_ref idref="oc-37d"/>
      </symbol>
      <symbol id="sm-674">
         <name>__mspabi_srll_7</name>
         <value>0x15b90</value>
         <object_component_ref idref="oc-37d"/>
      </symbol>
      <symbol id="sm-675">
         <name>__mspabi_srll_4</name>
         <value>0x15b9c</value>
         <object_component_ref idref="oc-37d"/>
      </symbol>
      <symbol id="sm-676">
         <name>__mspabi_srll_5</name>
         <value>0x15b98</value>
         <object_component_ref idref="oc-37d"/>
      </symbol>
      <symbol id="sm-677">
         <name>__mspabi_srll_2</name>
         <value>0x15ba4</value>
         <object_component_ref idref="oc-37d"/>
      </symbol>
      <symbol id="sm-678">
         <name>__mspabi_srll_3</name>
         <value>0x15ba0</value>
         <object_component_ref idref="oc-37d"/>
      </symbol>
      <symbol id="sm-679">
         <name>__mspabi_srll_1</name>
         <value>0x15ba8</value>
         <object_component_ref idref="oc-37d"/>
      </symbol>
      <symbol id="sm-67a">
         <name>__mspabi_srll_15</name>
         <value>0x15b70</value>
         <object_component_ref idref="oc-37d"/>
      </symbol>
      <symbol id="sm-67b">
         <name>__mspabi_srll_14</name>
         <value>0x15b74</value>
         <object_component_ref idref="oc-37d"/>
      </symbol>
      <symbol id="sm-67c">
         <name>__mspabi_srll_13</name>
         <value>0x15b78</value>
         <object_component_ref idref="oc-37d"/>
      </symbol>
      <symbol id="sm-67d">
         <name>__mspabi_srll_12</name>
         <value>0x15b7c</value>
         <object_component_ref idref="oc-37d"/>
      </symbol>
      <symbol id="sm-67e">
         <name>__mspabi_srll_11</name>
         <value>0x15b80</value>
         <object_component_ref idref="oc-37d"/>
      </symbol>
      <symbol id="sm-67f">
         <name>__mspabi_srll_10</name>
         <value>0x15b84</value>
         <object_component_ref idref="oc-37d"/>
      </symbol>
      <symbol id="sm-680">
         <name>__mspabi_srll</name>
         <value>0x16070</value>
         <object_component_ref idref="oc-2f6"/>
      </symbol>
      <symbol id="sm-68d">
         <name>__mspabi_srlll</name>
         <value>0x15be8</value>
         <object_component_ref idref="oc-282"/>
      </symbol>
      <symbol id="sm-6a0">
         <name>memcpy</name>
         <value>0x15ff4</value>
         <object_component_ref idref="oc-d3"/>
      </symbol>
      <symbol id="sm-6ae">
         <name>memset</name>
         <value>0x15f9e</value>
         <object_component_ref idref="oc-17d"/>
      </symbol>
      <symbol id="sm-6d0">
         <name>__mspabi_mpyd</name>
         <value>0x117e2</value>
         <object_component_ref idref="oc-25b"/>
      </symbol>
      <symbol id="sm-6e6">
         <name>__mspabi_mpyi_f5hw</name>
         <value>0x15fca</value>
         <object_component_ref idref="oc-433"/>
      </symbol>
      <symbol id="sm-708">
         <name>__mspabi_mpyl_f5hw</name>
         <value>0x15eb2</value>
         <object_component_ref idref="oc-382"/>
      </symbol>
      <symbol id="sm-71d">
         <name>__mspabi_mpyll_f5hw</name>
         <value>0x157b8</value>
         <object_component_ref idref="oc-3a8"/>
      </symbol>
      <symbol id="sm-726">
         <name>_system_pre_init</name>
         <value>0x160e0</value>
         <object_component_ref idref="oc-117"/>
      </symbol>
      <symbol id="sm-73a">
         <name>__TI_renormd</name>
         <value>0x14a06</value>
         <object_component_ref idref="oc-395"/>
      </symbol>
      <symbol id="sm-766">
         <name>snprintf</name>
         <value>0x156f6</value>
         <object_component_ref idref="oc-1eb"/>
      </symbol>
      <symbol id="sm-795">
         <name>sscanf</name>
         <value>0x15d5e</value>
         <object_component_ref idref="oc-24a"/>
      </symbol>
      <symbol id="sm-7a5">
         <name>strncmp</name>
         <value>0x15dbc</value>
         <object_component_ref idref="oc-169"/>
      </symbol>
      <symbol id="sm-7bc">
         <name>_nop</name>
         <value>0x160e8</value>
         <object_component_ref idref="oc-22c"/>
      </symbol>
      <symbol id="sm-7bd">
         <name>_lock</name>
         <value>0x205a</value>
         <object_component_ref idref="oc-1ab"/>
      </symbol>
      <symbol id="sm-7be">
         <name>_unlock</name>
         <value>0x205e</value>
         <object_component_ref idref="oc-1b4"/>
      </symbol>
      <symbol id="sm-987">
         <name>__TI_printfi</name>
         <value>0x130a6</value>
         <object_component_ref idref="oc-298"/>
      </symbol>
      <symbol id="sm-a61">
         <name>__TI_scanfi</name>
         <value>0x10452</value>
         <object_component_ref idref="oc-2c8"/>
      </symbol>
      <symbol id="sm-a73">
         <name>__mspabi_sral</name>
         <value>0x16050</value>
         <object_component_ref idref="oc-390"/>
      </symbol>
      <symbol id="sm-a74">
         <name>__mspabi_sral_15</name>
         <value>0x15af4</value>
         <object_component_ref idref="oc-2d1"/>
      </symbol>
      <symbol id="sm-a75">
         <name>__mspabi_sral_14</name>
         <value>0x15af8</value>
         <object_component_ref idref="oc-2d1"/>
      </symbol>
      <symbol id="sm-a76">
         <name>__mspabi_sral_13</name>
         <value>0x15afc</value>
         <object_component_ref idref="oc-2d1"/>
      </symbol>
      <symbol id="sm-a77">
         <name>__mspabi_sral_12</name>
         <value>0x15b00</value>
         <object_component_ref idref="oc-2d1"/>
      </symbol>
      <symbol id="sm-a78">
         <name>__mspabi_sral_11</name>
         <value>0x15b04</value>
         <object_component_ref idref="oc-2d1"/>
      </symbol>
      <symbol id="sm-a79">
         <name>__mspabi_sral_10</name>
         <value>0x15b08</value>
         <object_component_ref idref="oc-2d1"/>
      </symbol>
      <symbol id="sm-a7a">
         <name>__mspabi_sral_8</name>
         <value>0x15b10</value>
         <object_component_ref idref="oc-2d1"/>
      </symbol>
      <symbol id="sm-a7b">
         <name>__mspabi_sral_9</name>
         <value>0x15b0c</value>
         <object_component_ref idref="oc-2d1"/>
      </symbol>
      <symbol id="sm-a7c">
         <name>__mspabi_sral_6</name>
         <value>0x15b18</value>
         <object_component_ref idref="oc-2d1"/>
      </symbol>
      <symbol id="sm-a7d">
         <name>__mspabi_sral_7</name>
         <value>0x15b14</value>
         <object_component_ref idref="oc-2d1"/>
      </symbol>
      <symbol id="sm-a7e">
         <name>__mspabi_sral_4</name>
         <value>0x15b20</value>
         <object_component_ref idref="oc-2d1"/>
      </symbol>
      <symbol id="sm-a7f">
         <name>__mspabi_sral_5</name>
         <value>0x15b1c</value>
         <object_component_ref idref="oc-2d1"/>
      </symbol>
      <symbol id="sm-a80">
         <name>__mspabi_sral_2</name>
         <value>0x15b28</value>
         <object_component_ref idref="oc-2d1"/>
      </symbol>
      <symbol id="sm-a81">
         <name>__mspabi_sral_3</name>
         <value>0x15b24</value>
         <object_component_ref idref="oc-2d1"/>
      </symbol>
      <symbol id="sm-a82">
         <name>__mspabi_sral_1</name>
         <value>0x15b2c</value>
         <object_component_ref idref="oc-2d1"/>
      </symbol>
      <symbol id="sm-a96">
         <name>atoi</name>
         <value>0x15694</value>
         <object_component_ref idref="oc-3b1"/>
      </symbol>
      <symbol id="sm-ab2">
         <name>_auto_init_hold_wdt</name>
         <value>0x154f6</value>
         <object_component_ref idref="oc-11d"/>
      </symbol>
      <symbol id="sm-acc">
         <name>__mspabi_cmpd</name>
         <value>0x147b2</value>
         <object_component_ref idref="oc-471"/>
      </symbol>
      <symbol id="sm-ad6">
         <name>_ctypes_</name>
         <value>0x5f0e</value>
         <object_component_ref idref="oc-3d4"/>
      </symbol>
      <symbol id="sm-ae9">
         <name>__mspabi_cvtdf</name>
         <value>0x14f76</value>
         <object_component_ref idref="oc-3e7"/>
      </symbol>
      <symbol id="sm-b0a">
         <name>__mspabi_divd</name>
         <value>0x12842</value>
         <object_component_ref idref="oc-498"/>
      </symbol>
      <symbol id="sm-b17">
         <name>__mspabi_fixdi</name>
         <value>0x15e42</value>
         <object_component_ref idref="oc-534"/>
      </symbol>
      <symbol id="sm-b20">
         <name>__mspabi_fltid</name>
         <value>0x1609c</value>
         <object_component_ref idref="oc-559"/>
      </symbol>
      <symbol id="sm-b38">
         <name>__mspabi_fltlid</name>
         <value>0x14c9c</value>
         <object_component_ref idref="oc-528"/>
      </symbol>
      <symbol id="sm-b53">
         <name>__TI_frcdivd</name>
         <value>0x10000</value>
         <object_component_ref idref="oc-505"/>
      </symbol>
      <symbol id="sm-b64">
         <name>__TI_frcmpyd</name>
         <value>0x10f42</value>
         <object_component_ref idref="oc-2dc"/>
      </symbol>
      <symbol id="sm-b70">
         <name>frexp</name>
         <value>0x15a34</value>
         <object_component_ref idref="oc-4ea"/>
      </symbol>
      <symbol id="sm-b79">
         <name>isspace</name>
         <value>0x160a8</value>
         <object_component_ref idref="oc-342"/>
      </symbol>
      <symbol id="sm-b82">
         <name>isxdigit</name>
         <value>0x16080</value>
         <object_component_ref idref="oc-417"/>
      </symbol>
      <symbol id="sm-b92">
         <name>ldexp</name>
         <value>0x1508a</value>
         <object_component_ref idref="oc-547"/>
      </symbol>
      <symbol id="sm-ba1">
         <name>ltoa</name>
         <value>0x1529a</value>
         <object_component_ref idref="oc-522"/>
      </symbol>
      <symbol id="sm-bb0">
         <name>memccpy</name>
         <value>0x15f14</value>
         <object_component_ref idref="oc-3c5"/>
      </symbol>
      <symbol id="sm-bba">
         <name>__mspabi_negd</name>
         <value>0x15d8e</value>
         <object_component_ref idref="oc-453"/>
      </symbol>
      <symbol id="sm-bc9">
         <name>strchr</name>
         <value>0x15f32</value>
         <object_component_ref idref="oc-410"/>
      </symbol>
      <symbol id="sm-bd6">
         <name>strcpy</name>
         <value>0x1602c</value>
         <object_component_ref idref="oc-34f"/>
      </symbol>
      <symbol id="sm-be3">
         <name>strlen</name>
         <value>0x1608e</value>
         <object_component_ref idref="oc-314"/>
      </symbol>
      <symbol id="sm-bf2">
         <name>strrchr</name>
         <value>0x15f4e</value>
         <object_component_ref idref="oc-408"/>
      </symbol>
      <symbol id="sm-c30">
         <name>strtold</name>
         <value>0x11226</value>
         <object_component_ref idref="oc-3e1"/>
      </symbol>
      <symbol id="sm-c31">
         <name>strtod</name>
         <value>0x11226</value>
         <object_component_ref idref="oc-3e1"/>
      </symbol>
      <symbol id="sm-c59">
         <name>strtol</name>
         <value>0x1219a</value>
         <object_component_ref idref="oc-3f9"/>
      </symbol>
      <symbol id="sm-c85">
         <name>strtoll</name>
         <value>0x10bca</value>
         <object_component_ref idref="oc-3f3"/>
      </symbol>
      <symbol id="sm-caa">
         <name>strtoul</name>
         <value>0x136a4</value>
         <object_component_ref idref="oc-3ed"/>
      </symbol>
      <symbol id="sm-cd0">
         <name>strtoull</name>
         <value>0x11a64</value>
         <object_component_ref idref="oc-3db"/>
      </symbol>
      <symbol id="sm-cd9">
         <name>__mspabi_subd</name>
         <value>0x15cfa</value>
         <object_component_ref idref="oc-52e"/>
      </symbol>
      <symbol id="sm-ce6">
         <name>toupper</name>
         <value>0x1603e</value>
         <object_component_ref idref="oc-447"/>
      </symbol>
      <symbol id="sm-cf4">
         <name>_Dclass</name>
         <value>0x158be</value>
         <object_component_ref idref="oc-44d"/>
      </symbol>
      <symbol id="sm-d18">
         <name>_Dscale</name>
         <value>0x13a14</value>
         <object_component_ref idref="oc-578"/>
      </symbol>
      <symbol id="sm-d2a">
         <name>_Dunscale</name>
         <value>0x15484</value>
         <object_component_ref idref="oc-53f"/>
      </symbol>
      <symbol id="sm-d36">
         <name>_Feraise</name>
         <value>0x15c5a</value>
         <object_component_ref idref="oc-57e"/>
      </symbol>
      <symbol id="sm-d3d">
         <name>_Rteps</name>
         <value>0x1fbe</value>
         <object_component_ref idref="oc-59d"/>
      </symbol>
      <symbol id="sm-d3e">
         <name>_Zero</name>
         <value>0x1fd6</value>
         <object_component_ref idref="oc-59d"/>
      </symbol>
      <symbol id="sm-d3f">
         <name>_Hugeval</name>
         <value>0x1f7e</value>
         <object_component_ref idref="oc-59d"/>
      </symbol>
      <symbol id="sm-d40">
         <name>_Snan</name>
         <value>0x1fae</value>
         <object_component_ref idref="oc-59d"/>
      </symbol>
      <symbol id="sm-d41">
         <name>_Nan</name>
         <value>0x1f9e</value>
         <object_component_ref idref="oc-59d"/>
      </symbol>
      <symbol id="sm-d42">
         <name>_Inf</name>
         <value>0x1f8e</value>
         <object_component_ref idref="oc-59d"/>
      </symbol>
      <symbol id="sm-d43">
         <name>_Xbig</name>
         <value>0x1fce</value>
         <object_component_ref idref="oc-59d"/>
      </symbol>
      <symbol id="sm-d44">
         <name>_Eps</name>
         <value>0x1f6e</value>
         <object_component_ref idref="oc-59d"/>
      </symbol>
      <symbol id="sm-d45">
         <name>_Denorm</name>
         <value>0x1f5e</value>
         <object_component_ref idref="oc-59d"/>
      </symbol>
      <symbol id="sm-d4f">
         <name>abs</name>
         <value>0x160b4</value>
         <object_component_ref idref="oc-48f"/>
      </symbol>
      <symbol id="sm-d56">
         <name>_Errno</name>
         <value>0x2062</value>
         <object_component_ref idref="oc-48a"/>
      </symbol>
      <symbol id="sm-d6e">
         <name>feraiseexcept</name>
         <value>0x15cc6</value>
         <object_component_ref idref="oc-5a2"/>
      </symbol>
      <symbol id="sm-d6f">
         <name>_Tls_setup__Fenv</name>
         <value>0x2056</value>
         <object_component_ref idref="oc-5b8"/>
      </symbol>
      <symbol id="sm-d70">
         <name>_Fenv</name>
         <value>0x2052</value>
         <object_component_ref idref="oc-5b8"/>
      </symbol>
      <symbol id="sm-d79">
         <name>__mspabi_slli</name>
         <value>0x160be</value>
         <object_component_ref idref="oc-598"/>
      </symbol>
      <symbol id="sm-d82">
         <name>__mspabi_srli</name>
         <value>0x160c8</value>
         <object_component_ref idref="oc-593"/>
      </symbol>
      <symbol id="sm-d96">
         <name>raise</name>
         <value>0x15d2c</value>
         <object_component_ref idref="oc-5bb"/>
      </symbol>
      <symbol id="sm-da2">
         <name>__mspabi_remull</name>
         <value>0x1586a</value>
         <object_component_ref idref="oc-4a7"/>
      </symbol>
      <symbol id="sm-db7">
         <name>signal</name>
         <value>0x15c22</value>
         <object_component_ref idref="oc-5ca"/>
      </symbol>
      <symbol id="sm-dca">
         <name>_Dnorm</name>
         <value>0x143c4</value>
         <object_component_ref idref="oc-56e"/>
      </symbol>
      <symbol id="sm-dcc">
         <name>__TI_INITARRAY_Base</name>
         <value>0x0</value>
      </symbol>
      <symbol id="sm-dcd">
         <name>__TI_INITARRAY_Limit</name>
         <value>0x0</value>
      </symbol>
   </symbol_table>
   <title>Link successful</title>
</link_info>
